

================================================================
== Vitis HLS Report for 'hard_tanh_array_array_ap_fixed_8_1_4_0_0_16u_hard_tanh_config8_s'
================================================================
* Date:           Tue Nov  4 16:14:22 2025

* Version:        2023.2 (Build 4023990 on Oct 11 2023)
* Project:        myproject_prj
* Solution:       solution1 (Vivado IP Flow Target)
* Product family: zynquplus
* Target device:  xczu9eg-ffvb1156-2-e


================================================================
== Performance Estimates
================================================================
+ Timing: 
    * Summary: 
    +--------+---------+----------+------------+
    |  Clock |  Target | Estimated| Uncertainty|
    +--------+---------+----------+------------+
    |ap_clk  |  5.00 ns|  3.551 ns|     1.35 ns|
    +--------+---------+----------+------------+

+ Latency: 
    * Summary: 
    +---------+---------+----------+----------+-----+-----+---------+
    |  Latency (cycles) |  Latency (absolute) |  Interval | Pipeline|
    |   min   |   max   |    min   |    max   | min | max |   Type  |
    +---------+---------+----------+----------+-----+-----+---------+
    |       68|       68|  0.340 us|  0.340 us|   68|   68|       no|
    +---------+---------+----------+----------+-----+-----+---------+

    + Detail: 
        * Instance: 
        N/A

        * Loop: 
        +----------------------+---------+---------+----------+-----------+-----------+------+----------+
        |                      |  Latency (cycles) | Iteration|  Initiation Interval  | Trip |          |
        |       Loop Name      |   min   |   max   |  Latency |  achieved |   target  | Count| Pipelined|
        +----------------------+---------+---------+----------+-----------+-----------+------+----------+
        |- HardSigmoidActLoop  |       66|       66|         4|          1|          1|    64|       yes|
        +----------------------+---------+---------+----------+-----------+-----------+------+----------+



================================================================
== Utilization Estimates
================================================================
* Summary: 
+-----------------+---------+------+--------+--------+-----+
|       Name      | BRAM_18K|  DSP |   FF   |   LUT  | URAM|
+-----------------+---------+------+--------+--------+-----+
|DSP              |        -|     -|       -|       -|    -|
|Expression       |        -|     -|       0|    3187|    -|
|FIFO             |        -|     -|       -|       -|    -|
|Instance         |        -|     -|       -|       -|    -|
|Memory           |        -|     -|       -|       -|    -|
|Multiplexer      |        -|     -|       -|      63|    -|
|Register         |        -|     -|     671|       -|    -|
+-----------------+---------+------+--------+--------+-----+
|Total            |        0|     0|     671|    3250|    0|
+-----------------+---------+------+--------+--------+-----+
|Available        |     1824|  2520|  548160|  274080|    0|
+-----------------+---------+------+--------+--------+-----+
|Utilization (%)  |        0|     0|      ~0|       1|    0|
+-----------------+---------+------+--------+--------+-----+

+ Detail: 
    * Instance: 
    N/A

    * DSP: 
    N/A

    * Memory: 
    N/A

    * FIFO: 
    N/A

    * Expression: 
    +----------------------------+----------+----+---+----+------------+------------+
    |        Variable Name       | Operation| DSP| FF| LUT| Bitwidth P0| Bitwidth P1|
    +----------------------------+----------+----+---+----+------------+------------+
    |add_ln491_12_fu_1930_p2     |         +|   0|  0|  15|           8|           8|
    |add_ln491_13_fu_502_p2      |         +|   0|  0|  22|          15|          15|
    |add_ln491_14_fu_2075_p2     |         +|   0|  0|  15|           8|           8|
    |add_ln491_15_fu_599_p2      |         +|   0|  0|  22|          15|          15|
    |add_ln491_16_fu_2220_p2     |         +|   0|  0|  15|           8|           8|
    |add_ln491_17_fu_696_p2      |         +|   0|  0|  22|          15|          15|
    |add_ln491_18_fu_2365_p2     |         +|   0|  0|  15|           8|           8|
    |add_ln491_19_fu_793_p2      |         +|   0|  0|  22|          15|          15|
    |add_ln491_20_fu_2510_p2     |         +|   0|  0|  15|           8|           8|
    |add_ln491_21_fu_890_p2      |         +|   0|  0|  22|          15|          15|
    |add_ln491_22_fu_2655_p2     |         +|   0|  0|  15|           8|           8|
    |add_ln491_23_fu_987_p2      |         +|   0|  0|  22|          15|          15|
    |add_ln491_24_fu_2800_p2     |         +|   0|  0|  15|           8|           8|
    |add_ln491_25_fu_1084_p2     |         +|   0|  0|  22|          15|          15|
    |add_ln491_26_fu_2945_p2     |         +|   0|  0|  15|           8|           8|
    |add_ln491_27_fu_1181_p2     |         +|   0|  0|  22|          15|          15|
    |add_ln491_28_fu_3090_p2     |         +|   0|  0|  15|           8|           8|
    |add_ln491_29_fu_1278_p2     |         +|   0|  0|  22|          15|          15|
    |add_ln491_30_fu_3235_p2     |         +|   0|  0|  15|           8|           8|
    |add_ln491_31_fu_1375_p2     |         +|   0|  0|  22|          15|          15|
    |add_ln491_32_fu_3380_p2     |         +|   0|  0|  15|           8|           8|
    |add_ln491_33_fu_1472_p2     |         +|   0|  0|  22|          15|          15|
    |add_ln491_34_fu_3525_p2     |         +|   0|  0|  15|           8|           8|
    |add_ln491_35_fu_1569_p2     |         +|   0|  0|  22|          15|          15|
    |add_ln491_36_fu_3670_p2     |         +|   0|  0|  15|           8|           8|
    |add_ln491_37_fu_1666_p2     |         +|   0|  0|  22|          15|          15|
    |add_ln491_38_fu_3815_p2     |         +|   0|  0|  15|           8|           8|
    |add_ln491_39_fu_1763_p2     |         +|   0|  0|  22|          15|          15|
    |add_ln491_40_fu_3960_p2     |         +|   0|  0|  15|           8|           8|
    |add_ln491_41_fu_1860_p2     |         +|   0|  0|  22|          15|          15|
    |add_ln491_42_fu_4105_p2     |         +|   0|  0|  15|           8|           8|
    |add_ln491_fu_405_p2         |         +|   0|  0|  22|          15|          15|
    |i_4_fu_175_p2               |         +|   0|  0|  14|           7|           1|
    |sigmoid_10_fu_836_p2        |         +|   0|  0|  34|          27|          13|
    |sigmoid_11_fu_933_p2        |         +|   0|  0|  34|          27|          13|
    |sigmoid_12_fu_1030_p2       |         +|   0|  0|  34|          27|          13|
    |sigmoid_13_fu_1127_p2       |         +|   0|  0|  34|          27|          13|
    |sigmoid_14_fu_1224_p2       |         +|   0|  0|  34|          27|          13|
    |sigmoid_15_fu_1321_p2       |         +|   0|  0|  34|          27|          13|
    |sigmoid_16_fu_1418_p2       |         +|   0|  0|  34|          27|          13|
    |sigmoid_17_fu_1515_p2       |         +|   0|  0|  34|          27|          13|
    |sigmoid_18_fu_1612_p2       |         +|   0|  0|  34|          27|          13|
    |sigmoid_19_fu_1709_p2       |         +|   0|  0|  34|          27|          13|
    |sigmoid_20_fu_1806_p2       |         +|   0|  0|  34|          27|          13|
    |sigmoid_6_fu_448_p2         |         +|   0|  0|  34|          27|          13|
    |sigmoid_7_fu_545_p2         |         +|   0|  0|  34|          27|          13|
    |sigmoid_8_fu_642_p2         |         +|   0|  0|  34|          27|          13|
    |sigmoid_9_fu_739_p2         |         +|   0|  0|  34|          27|          13|
    |sigmoid_fu_351_p2           |         +|   0|  0|  34|          27|          13|
    |and_ln491_100_fu_3991_p2    |       and|   0|  0|   2|           1|           1|
    |and_ln491_101_fu_3996_p2    |       and|   0|  0|   2|           1|           1|
    |and_ln491_102_fu_4023_p2    |       and|   0|  0|   2|           1|           1|
    |and_ln491_103_fu_4029_p2    |       and|   0|  0|   2|           1|           1|
    |and_ln491_104_fu_4095_p2    |       and|   0|  0|   2|           1|           1|
    |and_ln491_105_fu_4136_p2    |       and|   0|  0|   2|           1|           1|
    |and_ln491_106_fu_4141_p2    |       and|   0|  0|   2|           1|           1|
    |and_ln491_107_fu_4168_p2    |       and|   0|  0|   2|           1|           1|
    |and_ln491_108_fu_4174_p2    |       and|   0|  0|   2|           1|           1|
    |and_ln491_30_fu_1961_p2     |       and|   0|  0|   2|           1|           1|
    |and_ln491_31_fu_1966_p2     |       and|   0|  0|   2|           1|           1|
    |and_ln491_32_fu_1993_p2     |       and|   0|  0|   2|           1|           1|
    |and_ln491_33_fu_1999_p2     |       and|   0|  0|   2|           1|           1|
    |and_ln491_34_fu_2065_p2     |       and|   0|  0|   2|           1|           1|
    |and_ln491_35_fu_2106_p2     |       and|   0|  0|   2|           1|           1|
    |and_ln491_36_fu_2111_p2     |       and|   0|  0|   2|           1|           1|
    |and_ln491_37_fu_2138_p2     |       and|   0|  0|   2|           1|           1|
    |and_ln491_38_fu_2144_p2     |       and|   0|  0|   2|           1|           1|
    |and_ln491_39_fu_2210_p2     |       and|   0|  0|   2|           1|           1|
    |and_ln491_40_fu_2251_p2     |       and|   0|  0|   2|           1|           1|
    |and_ln491_41_fu_2256_p2     |       and|   0|  0|   2|           1|           1|
    |and_ln491_42_fu_2283_p2     |       and|   0|  0|   2|           1|           1|
    |and_ln491_43_fu_2289_p2     |       and|   0|  0|   2|           1|           1|
    |and_ln491_44_fu_2355_p2     |       and|   0|  0|   2|           1|           1|
    |and_ln491_45_fu_2396_p2     |       and|   0|  0|   2|           1|           1|
    |and_ln491_46_fu_2401_p2     |       and|   0|  0|   2|           1|           1|
    |and_ln491_47_fu_2428_p2     |       and|   0|  0|   2|           1|           1|
    |and_ln491_48_fu_2434_p2     |       and|   0|  0|   2|           1|           1|
    |and_ln491_49_fu_2500_p2     |       and|   0|  0|   2|           1|           1|
    |and_ln491_50_fu_2541_p2     |       and|   0|  0|   2|           1|           1|
    |and_ln491_51_fu_2546_p2     |       and|   0|  0|   2|           1|           1|
    |and_ln491_52_fu_2573_p2     |       and|   0|  0|   2|           1|           1|
    |and_ln491_53_fu_2579_p2     |       and|   0|  0|   2|           1|           1|
    |and_ln491_54_fu_2645_p2     |       and|   0|  0|   2|           1|           1|
    |and_ln491_55_fu_2686_p2     |       and|   0|  0|   2|           1|           1|
    |and_ln491_56_fu_2691_p2     |       and|   0|  0|   2|           1|           1|
    |and_ln491_57_fu_2718_p2     |       and|   0|  0|   2|           1|           1|
    |and_ln491_58_fu_2724_p2     |       and|   0|  0|   2|           1|           1|
    |and_ln491_59_fu_2790_p2     |       and|   0|  0|   2|           1|           1|
    |and_ln491_60_fu_2831_p2     |       and|   0|  0|   2|           1|           1|
    |and_ln491_61_fu_2836_p2     |       and|   0|  0|   2|           1|           1|
    |and_ln491_62_fu_2863_p2     |       and|   0|  0|   2|           1|           1|
    |and_ln491_63_fu_2869_p2     |       and|   0|  0|   2|           1|           1|
    |and_ln491_64_fu_2935_p2     |       and|   0|  0|   2|           1|           1|
    |and_ln491_65_fu_2976_p2     |       and|   0|  0|   2|           1|           1|
    |and_ln491_66_fu_2981_p2     |       and|   0|  0|   2|           1|           1|
    |and_ln491_67_fu_3008_p2     |       and|   0|  0|   2|           1|           1|
    |and_ln491_68_fu_3014_p2     |       and|   0|  0|   2|           1|           1|
    |and_ln491_69_fu_3080_p2     |       and|   0|  0|   2|           1|           1|
    |and_ln491_70_fu_3121_p2     |       and|   0|  0|   2|           1|           1|
    |and_ln491_71_fu_3126_p2     |       and|   0|  0|   2|           1|           1|
    |and_ln491_72_fu_3153_p2     |       and|   0|  0|   2|           1|           1|
    |and_ln491_73_fu_3159_p2     |       and|   0|  0|   2|           1|           1|
    |and_ln491_74_fu_3225_p2     |       and|   0|  0|   2|           1|           1|
    |and_ln491_75_fu_3266_p2     |       and|   0|  0|   2|           1|           1|
    |and_ln491_76_fu_3271_p2     |       and|   0|  0|   2|           1|           1|
    |and_ln491_77_fu_3298_p2     |       and|   0|  0|   2|           1|           1|
    |and_ln491_78_fu_3304_p2     |       and|   0|  0|   2|           1|           1|
    |and_ln491_79_fu_3370_p2     |       and|   0|  0|   2|           1|           1|
    |and_ln491_80_fu_3411_p2     |       and|   0|  0|   2|           1|           1|
    |and_ln491_81_fu_3416_p2     |       and|   0|  0|   2|           1|           1|
    |and_ln491_82_fu_3443_p2     |       and|   0|  0|   2|           1|           1|
    |and_ln491_83_fu_3449_p2     |       and|   0|  0|   2|           1|           1|
    |and_ln491_84_fu_3515_p2     |       and|   0|  0|   2|           1|           1|
    |and_ln491_85_fu_3556_p2     |       and|   0|  0|   2|           1|           1|
    |and_ln491_86_fu_3561_p2     |       and|   0|  0|   2|           1|           1|
    |and_ln491_87_fu_3588_p2     |       and|   0|  0|   2|           1|           1|
    |and_ln491_88_fu_3594_p2     |       and|   0|  0|   2|           1|           1|
    |and_ln491_89_fu_3660_p2     |       and|   0|  0|   2|           1|           1|
    |and_ln491_90_fu_3701_p2     |       and|   0|  0|   2|           1|           1|
    |and_ln491_91_fu_3706_p2     |       and|   0|  0|   2|           1|           1|
    |and_ln491_92_fu_3733_p2     |       and|   0|  0|   2|           1|           1|
    |and_ln491_93_fu_3739_p2     |       and|   0|  0|   2|           1|           1|
    |and_ln491_94_fu_3805_p2     |       and|   0|  0|   2|           1|           1|
    |and_ln491_95_fu_3846_p2     |       and|   0|  0|   2|           1|           1|
    |and_ln491_96_fu_3851_p2     |       and|   0|  0|   2|           1|           1|
    |and_ln491_97_fu_3878_p2     |       and|   0|  0|   2|           1|           1|
    |and_ln491_98_fu_3884_p2     |       and|   0|  0|   2|           1|           1|
    |and_ln491_99_fu_3950_p2     |       and|   0|  0|   2|           1|           1|
    |and_ln491_fu_1920_p2        |       and|   0|  0|   2|           1|           1|
    |ap_condition_278            |       and|   0|  0|   2|           1|           1|
    |icmp_ln476_fu_169_p2        |      icmp|   0|  0|  15|           7|           8|
    |icmp_ln487_10_fu_842_p2     |      icmp|   0|  0|  34|          27|          14|
    |icmp_ln487_11_fu_939_p2     |      icmp|   0|  0|  34|          27|          14|
    |icmp_ln487_12_fu_1036_p2    |      icmp|   0|  0|  34|          27|          14|
    |icmp_ln487_13_fu_1133_p2    |      icmp|   0|  0|  34|          27|          14|
    |icmp_ln487_14_fu_1230_p2    |      icmp|   0|  0|  34|          27|          14|
    |icmp_ln487_15_fu_1327_p2    |      icmp|   0|  0|  34|          27|          14|
    |icmp_ln487_16_fu_1424_p2    |      icmp|   0|  0|  34|          27|          14|
    |icmp_ln487_17_fu_1521_p2    |      icmp|   0|  0|  34|          27|          14|
    |icmp_ln487_18_fu_1618_p2    |      icmp|   0|  0|  34|          27|          14|
    |icmp_ln487_19_fu_1715_p2    |      icmp|   0|  0|  34|          27|          14|
    |icmp_ln487_20_fu_1812_p2    |      icmp|   0|  0|  34|          27|          14|
    |icmp_ln487_6_fu_454_p2      |      icmp|   0|  0|  34|          27|          14|
    |icmp_ln487_7_fu_551_p2      |      icmp|   0|  0|  34|          27|          14|
    |icmp_ln487_8_fu_648_p2      |      icmp|   0|  0|  34|          27|          14|
    |icmp_ln487_9_fu_745_p2      |      icmp|   0|  0|  34|          27|          14|
    |icmp_ln487_fu_357_p2        |      icmp|   0|  0|  34|          27|          14|
    |icmp_ln491_10_fu_908_p2     |      icmp|   0|  0|  12|           5|           1|
    |icmp_ln491_11_fu_1005_p2    |      icmp|   0|  0|  12|           5|           1|
    |icmp_ln491_12_fu_1102_p2    |      icmp|   0|  0|  12|           5|           1|
    |icmp_ln491_13_fu_1199_p2    |      icmp|   0|  0|  12|           5|           1|
    |icmp_ln491_14_fu_1296_p2    |      icmp|   0|  0|  12|           5|           1|
    |icmp_ln491_15_fu_1393_p2    |      icmp|   0|  0|  12|           5|           1|
    |icmp_ln491_16_fu_1490_p2    |      icmp|   0|  0|  12|           5|           1|
    |icmp_ln491_17_fu_1587_p2    |      icmp|   0|  0|  12|           5|           1|
    |icmp_ln491_18_fu_1684_p2    |      icmp|   0|  0|  12|           5|           1|
    |icmp_ln491_19_fu_1781_p2    |      icmp|   0|  0|  12|           5|           1|
    |icmp_ln491_20_fu_1878_p2    |      icmp|   0|  0|  12|           5|           1|
    |icmp_ln491_6_fu_520_p2      |      icmp|   0|  0|  12|           5|           1|
    |icmp_ln491_7_fu_617_p2      |      icmp|   0|  0|  12|           5|           1|
    |icmp_ln491_8_fu_714_p2      |      icmp|   0|  0|  12|           5|           1|
    |icmp_ln491_9_fu_811_p2      |      icmp|   0|  0|  12|           5|           1|
    |icmp_ln491_fu_423_p2        |      icmp|   0|  0|  12|           5|           1|
    |ap_block_pp0_stage0_01001   |        or|   0|  0|   2|           1|           1|
    |or_ln487_10_fu_856_p2       |        or|   0|  0|   2|           1|           1|
    |or_ln487_11_fu_953_p2       |        or|   0|  0|   2|           1|           1|
    |or_ln487_12_fu_1050_p2      |        or|   0|  0|   2|           1|           1|
    |or_ln487_13_fu_1147_p2      |        or|   0|  0|   2|           1|           1|
    |or_ln487_14_fu_1244_p2      |        or|   0|  0|   2|           1|           1|
    |or_ln487_15_fu_1341_p2      |        or|   0|  0|   2|           1|           1|
    |or_ln487_16_fu_1438_p2      |        or|   0|  0|   2|           1|           1|
    |or_ln487_17_fu_1535_p2      |        or|   0|  0|   2|           1|           1|
    |or_ln487_18_fu_1632_p2      |        or|   0|  0|   2|           1|           1|
    |or_ln487_19_fu_1729_p2      |        or|   0|  0|   2|           1|           1|
    |or_ln487_20_fu_1826_p2      |        or|   0|  0|   2|           1|           1|
    |or_ln487_6_fu_468_p2        |        or|   0|  0|   2|           1|           1|
    |or_ln487_7_fu_565_p2        |        or|   0|  0|   2|           1|           1|
    |or_ln487_8_fu_662_p2        |        or|   0|  0|   2|           1|           1|
    |or_ln487_9_fu_759_p2        |        or|   0|  0|   2|           1|           1|
    |or_ln487_fu_371_p2          |        or|   0|  0|   2|           1|           1|
    |or_ln491_100_fu_3985_p2     |        or|   0|  0|   2|           1|           1|
    |or_ln491_101_fu_4012_p2     |        or|   0|  0|   2|           1|           1|
    |or_ln491_102_fu_4034_p2     |        or|   0|  0|   2|           1|           1|
    |or_ln491_103_fu_4053_p2     |        or|   0|  0|   2|           1|           1|
    |or_ln491_104_fu_4090_p2     |        or|   0|  0|   2|           1|           1|
    |or_ln491_105_fu_4130_p2     |        or|   0|  0|   2|           1|           1|
    |or_ln491_106_fu_4157_p2     |        or|   0|  0|   2|           1|           1|
    |or_ln491_107_fu_4179_p2     |        or|   0|  0|   2|           1|           1|
    |or_ln491_108_fu_4198_p2     |        or|   0|  0|   2|           1|           1|
    |or_ln491_30_fu_1955_p2      |        or|   0|  0|   2|           1|           1|
    |or_ln491_31_fu_1982_p2      |        or|   0|  0|   2|           1|           1|
    |or_ln491_32_fu_2004_p2      |        or|   0|  0|   2|           1|           1|
    |or_ln491_33_fu_2023_p2      |        or|   0|  0|   2|           1|           1|
    |or_ln491_34_fu_2060_p2      |        or|   0|  0|   2|           1|           1|
    |or_ln491_35_fu_2100_p2      |        or|   0|  0|   2|           1|           1|
    |or_ln491_36_fu_2127_p2      |        or|   0|  0|   2|           1|           1|
    |or_ln491_37_fu_2149_p2      |        or|   0|  0|   2|           1|           1|
    |or_ln491_38_fu_2168_p2      |        or|   0|  0|   2|           1|           1|
    |or_ln491_39_fu_2205_p2      |        or|   0|  0|   2|           1|           1|
    |or_ln491_40_fu_2245_p2      |        or|   0|  0|   2|           1|           1|
    |or_ln491_41_fu_2272_p2      |        or|   0|  0|   2|           1|           1|
    |or_ln491_42_fu_2294_p2      |        or|   0|  0|   2|           1|           1|
    |or_ln491_43_fu_2313_p2      |        or|   0|  0|   2|           1|           1|
    |or_ln491_44_fu_2350_p2      |        or|   0|  0|   2|           1|           1|
    |or_ln491_45_fu_2390_p2      |        or|   0|  0|   2|           1|           1|
    |or_ln491_46_fu_2417_p2      |        or|   0|  0|   2|           1|           1|
    |or_ln491_47_fu_2439_p2      |        or|   0|  0|   2|           1|           1|
    |or_ln491_48_fu_2458_p2      |        or|   0|  0|   2|           1|           1|
    |or_ln491_49_fu_2495_p2      |        or|   0|  0|   2|           1|           1|
    |or_ln491_50_fu_2535_p2      |        or|   0|  0|   2|           1|           1|
    |or_ln491_51_fu_2562_p2      |        or|   0|  0|   2|           1|           1|
    |or_ln491_52_fu_2584_p2      |        or|   0|  0|   2|           1|           1|
    |or_ln491_53_fu_2603_p2      |        or|   0|  0|   2|           1|           1|
    |or_ln491_54_fu_2640_p2      |        or|   0|  0|   2|           1|           1|
    |or_ln491_55_fu_2680_p2      |        or|   0|  0|   2|           1|           1|
    |or_ln491_56_fu_2707_p2      |        or|   0|  0|   2|           1|           1|
    |or_ln491_57_fu_2729_p2      |        or|   0|  0|   2|           1|           1|
    |or_ln491_58_fu_2748_p2      |        or|   0|  0|   2|           1|           1|
    |or_ln491_59_fu_2785_p2      |        or|   0|  0|   2|           1|           1|
    |or_ln491_60_fu_2825_p2      |        or|   0|  0|   2|           1|           1|
    |or_ln491_61_fu_2852_p2      |        or|   0|  0|   2|           1|           1|
    |or_ln491_62_fu_2874_p2      |        or|   0|  0|   2|           1|           1|
    |or_ln491_63_fu_2893_p2      |        or|   0|  0|   2|           1|           1|
    |or_ln491_64_fu_2930_p2      |        or|   0|  0|   2|           1|           1|
    |or_ln491_65_fu_2970_p2      |        or|   0|  0|   2|           1|           1|
    |or_ln491_66_fu_2997_p2      |        or|   0|  0|   2|           1|           1|
    |or_ln491_67_fu_3019_p2      |        or|   0|  0|   2|           1|           1|
    |or_ln491_68_fu_3038_p2      |        or|   0|  0|   2|           1|           1|
    |or_ln491_69_fu_3075_p2      |        or|   0|  0|   2|           1|           1|
    |or_ln491_70_fu_3115_p2      |        or|   0|  0|   2|           1|           1|
    |or_ln491_71_fu_3142_p2      |        or|   0|  0|   2|           1|           1|
    |or_ln491_72_fu_3164_p2      |        or|   0|  0|   2|           1|           1|
    |or_ln491_73_fu_3183_p2      |        or|   0|  0|   2|           1|           1|
    |or_ln491_74_fu_3220_p2      |        or|   0|  0|   2|           1|           1|
    |or_ln491_75_fu_3260_p2      |        or|   0|  0|   2|           1|           1|
    |or_ln491_76_fu_3287_p2      |        or|   0|  0|   2|           1|           1|
    |or_ln491_77_fu_3309_p2      |        or|   0|  0|   2|           1|           1|
    |or_ln491_78_fu_3328_p2      |        or|   0|  0|   2|           1|           1|
    |or_ln491_79_fu_3365_p2      |        or|   0|  0|   2|           1|           1|
    |or_ln491_80_fu_3405_p2      |        or|   0|  0|   2|           1|           1|
    |or_ln491_81_fu_3432_p2      |        or|   0|  0|   2|           1|           1|
    |or_ln491_82_fu_3454_p2      |        or|   0|  0|   2|           1|           1|
    |or_ln491_83_fu_3473_p2      |        or|   0|  0|   2|           1|           1|
    |or_ln491_84_fu_3510_p2      |        or|   0|  0|   2|           1|           1|
    |or_ln491_85_fu_3550_p2      |        or|   0|  0|   2|           1|           1|
    |or_ln491_86_fu_3577_p2      |        or|   0|  0|   2|           1|           1|
    |or_ln491_87_fu_3599_p2      |        or|   0|  0|   2|           1|           1|
    |or_ln491_88_fu_3618_p2      |        or|   0|  0|   2|           1|           1|
    |or_ln491_89_fu_3655_p2      |        or|   0|  0|   2|           1|           1|
    |or_ln491_90_fu_3695_p2      |        or|   0|  0|   2|           1|           1|
    |or_ln491_91_fu_3722_p2      |        or|   0|  0|   2|           1|           1|
    |or_ln491_92_fu_3744_p2      |        or|   0|  0|   2|           1|           1|
    |or_ln491_93_fu_3763_p2      |        or|   0|  0|   2|           1|           1|
    |or_ln491_94_fu_3800_p2      |        or|   0|  0|   2|           1|           1|
    |or_ln491_95_fu_3840_p2      |        or|   0|  0|   2|           1|           1|
    |or_ln491_96_fu_3867_p2      |        or|   0|  0|   2|           1|           1|
    |or_ln491_97_fu_3889_p2      |        or|   0|  0|   2|           1|           1|
    |or_ln491_98_fu_3908_p2      |        or|   0|  0|   2|           1|           1|
    |or_ln491_99_fu_3945_p2      |        or|   0|  0|   2|           1|           1|
    |or_ln491_fu_1915_p2         |        or|   0|  0|   2|           1|           1|
    |out_data_10_fu_2899_p3      |    select|   0|  0|   8|           1|           8|
    |out_data_11_fu_3044_p3      |    select|   0|  0|   8|           1|           8|
    |out_data_5_fu_2174_p3       |    select|   0|  0|   8|           1|           8|
    |out_data_6_fu_2319_p3       |    select|   0|  0|   8|           1|           8|
    |out_data_7_fu_2464_p3       |    select|   0|  0|   8|           1|           8|
    |out_data_8_fu_2609_p3       |    select|   0|  0|   8|           1|           8|
    |out_data_9_fu_2754_p3       |    select|   0|  0|   8|           1|           8|
    |out_data_fu_2029_p3         |    select|   0|  0|   8|           1|           8|
    |select_ln487_12_fu_389_p3   |    select|   0|  0|  14|           1|          14|
    |select_ln487_13_fu_474_p3   |    select|   0|  0|  15|           1|          15|
    |select_ln487_14_fu_486_p3   |    select|   0|  0|  14|           1|          14|
    |select_ln487_15_fu_571_p3   |    select|   0|  0|  15|           1|          15|
    |select_ln487_16_fu_583_p3   |    select|   0|  0|  14|           1|          14|
    |select_ln487_17_fu_668_p3   |    select|   0|  0|  15|           1|          15|
    |select_ln487_18_fu_680_p3   |    select|   0|  0|  14|           1|          14|
    |select_ln487_19_fu_765_p3   |    select|   0|  0|  15|           1|          15|
    |select_ln487_20_fu_777_p3   |    select|   0|  0|  14|           1|          14|
    |select_ln487_21_fu_862_p3   |    select|   0|  0|  15|           1|          15|
    |select_ln487_22_fu_874_p3   |    select|   0|  0|  14|           1|          14|
    |select_ln487_23_fu_959_p3   |    select|   0|  0|  15|           1|          15|
    |select_ln487_24_fu_971_p3   |    select|   0|  0|  14|           1|          14|
    |select_ln487_25_fu_1056_p3  |    select|   0|  0|  15|           1|          15|
    |select_ln487_26_fu_1068_p3  |    select|   0|  0|  14|           1|          14|
    |select_ln487_27_fu_1153_p3  |    select|   0|  0|  15|           1|          15|
    |select_ln487_28_fu_1165_p3  |    select|   0|  0|  14|           1|          14|
    |select_ln487_29_fu_1250_p3  |    select|   0|  0|  15|           1|          15|
    |select_ln487_30_fu_1262_p3  |    select|   0|  0|  14|           1|          14|
    |select_ln487_31_fu_1347_p3  |    select|   0|  0|  15|           1|          15|
    |select_ln487_32_fu_1359_p3  |    select|   0|  0|  14|           1|          14|
    |select_ln487_33_fu_1444_p3  |    select|   0|  0|  15|           1|          15|
    |select_ln487_34_fu_1456_p3  |    select|   0|  0|  14|           1|          14|
    |select_ln487_35_fu_1541_p3  |    select|   0|  0|  15|           1|          15|
    |select_ln487_36_fu_1553_p3  |    select|   0|  0|  14|           1|          14|
    |select_ln487_37_fu_1638_p3  |    select|   0|  0|  15|           1|          15|
    |select_ln487_38_fu_1650_p3  |    select|   0|  0|  14|           1|          14|
    |select_ln487_39_fu_1735_p3  |    select|   0|  0|  15|           1|          15|
    |select_ln487_40_fu_1747_p3  |    select|   0|  0|  14|           1|          14|
    |select_ln487_41_fu_1832_p3  |    select|   0|  0|  15|           1|          15|
    |select_ln487_42_fu_1844_p3  |    select|   0|  0|  14|           1|          14|
    |select_ln487_fu_377_p3      |    select|   0|  0|  15|           1|          15|
    |select_ln491_13_fu_2160_p3  |    select|   0|  0|   9|           1|           7|
    |select_ln491_15_fu_2305_p3  |    select|   0|  0|   9|           1|           7|
    |select_ln491_17_fu_2450_p3  |    select|   0|  0|   9|           1|           7|
    |select_ln491_19_fu_2595_p3  |    select|   0|  0|   9|           1|           7|
    |select_ln491_21_fu_2740_p3  |    select|   0|  0|   9|           1|           7|
    |select_ln491_23_fu_2885_p3  |    select|   0|  0|   9|           1|           7|
    |select_ln491_25_fu_3030_p3  |    select|   0|  0|   9|           1|           7|
    |select_ln491_27_fu_3175_p3  |    select|   0|  0|   9|           1|           7|
    |select_ln491_28_fu_3189_p3  |    select|   0|  0|   8|           1|           8|
    |select_ln491_29_fu_3320_p3  |    select|   0|  0|   9|           1|           7|
    |select_ln491_30_fu_3334_p3  |    select|   0|  0|   8|           1|           8|
    |select_ln491_31_fu_3465_p3  |    select|   0|  0|   9|           1|           7|
    |select_ln491_32_fu_3479_p3  |    select|   0|  0|   8|           1|           8|
    |select_ln491_33_fu_3610_p3  |    select|   0|  0|   9|           1|           7|
    |select_ln491_34_fu_3624_p3  |    select|   0|  0|   8|           1|           8|
    |select_ln491_35_fu_3755_p3  |    select|   0|  0|   9|           1|           7|
    |select_ln491_36_fu_3769_p3  |    select|   0|  0|   8|           1|           8|
    |select_ln491_37_fu_3900_p3  |    select|   0|  0|   9|           1|           7|
    |select_ln491_38_fu_3914_p3  |    select|   0|  0|   8|           1|           8|
    |select_ln491_39_fu_4045_p3  |    select|   0|  0|   9|           1|           7|
    |select_ln491_40_fu_4059_p3  |    select|   0|  0|   8|           1|           8|
    |select_ln491_41_fu_4190_p3  |    select|   0|  0|   9|           1|           7|
    |select_ln491_42_fu_4204_p3  |    select|   0|  0|   8|           1|           8|
    |select_ln491_fu_2015_p3     |    select|   0|  0|   9|           1|           7|
    |ap_enable_pp0               |       xor|   0|  0|   2|           1|           2|
    |xor_ln491_100_fu_3460_p2    |       xor|   0|  0|   2|           1|           1|
    |xor_ln491_101_fu_3539_p2    |       xor|   0|  0|   2|           1|           2|
    |xor_ln491_102_fu_3545_p2    |       xor|   0|  0|   2|           1|           2|
    |xor_ln491_103_fu_3566_p2    |       xor|   0|  0|   2|           1|           1|
    |xor_ln491_104_fu_3571_p2    |       xor|   0|  0|   2|           1|           2|
    |xor_ln491_105_fu_3583_p2    |       xor|   0|  0|   2|           1|           2|
    |xor_ln491_106_fu_3605_p2    |       xor|   0|  0|   2|           1|           1|
    |xor_ln491_107_fu_3684_p2    |       xor|   0|  0|   2|           1|           2|
    |xor_ln491_108_fu_3690_p2    |       xor|   0|  0|   2|           1|           2|
    |xor_ln491_109_fu_3711_p2    |       xor|   0|  0|   2|           1|           1|
    |xor_ln491_110_fu_3716_p2    |       xor|   0|  0|   2|           1|           2|
    |xor_ln491_111_fu_3728_p2    |       xor|   0|  0|   2|           1|           2|
    |xor_ln491_112_fu_3750_p2    |       xor|   0|  0|   2|           1|           1|
    |xor_ln491_113_fu_3829_p2    |       xor|   0|  0|   2|           1|           2|
    |xor_ln491_114_fu_3835_p2    |       xor|   0|  0|   2|           1|           2|
    |xor_ln491_115_fu_3856_p2    |       xor|   0|  0|   2|           1|           1|
    |xor_ln491_116_fu_3861_p2    |       xor|   0|  0|   2|           1|           2|
    |xor_ln491_117_fu_3873_p2    |       xor|   0|  0|   2|           1|           2|
    |xor_ln491_118_fu_3895_p2    |       xor|   0|  0|   2|           1|           1|
    |xor_ln491_119_fu_3974_p2    |       xor|   0|  0|   2|           1|           2|
    |xor_ln491_120_fu_3980_p2    |       xor|   0|  0|   2|           1|           2|
    |xor_ln491_121_fu_4001_p2    |       xor|   0|  0|   2|           1|           1|
    |xor_ln491_122_fu_4006_p2    |       xor|   0|  0|   2|           1|           2|
    |xor_ln491_123_fu_4018_p2    |       xor|   0|  0|   2|           1|           2|
    |xor_ln491_124_fu_4040_p2    |       xor|   0|  0|   2|           1|           1|
    |xor_ln491_125_fu_4119_p2    |       xor|   0|  0|   2|           1|           2|
    |xor_ln491_126_fu_4125_p2    |       xor|   0|  0|   2|           1|           2|
    |xor_ln491_127_fu_4146_p2    |       xor|   0|  0|   2|           1|           1|
    |xor_ln491_128_fu_4151_p2    |       xor|   0|  0|   2|           1|           2|
    |xor_ln491_129_fu_4163_p2    |       xor|   0|  0|   2|           1|           2|
    |xor_ln491_130_fu_4185_p2    |       xor|   0|  0|   2|           1|           1|
    |xor_ln491_36_fu_1950_p2     |       xor|   0|  0|   2|           1|           2|
    |xor_ln491_37_fu_1971_p2     |       xor|   0|  0|   2|           1|           1|
    |xor_ln491_38_fu_1976_p2     |       xor|   0|  0|   2|           1|           2|
    |xor_ln491_39_fu_1988_p2     |       xor|   0|  0|   2|           1|           2|
    |xor_ln491_40_fu_2010_p2     |       xor|   0|  0|   2|           1|           1|
    |xor_ln491_41_fu_2089_p2     |       xor|   0|  0|   2|           1|           2|
    |xor_ln491_42_fu_2095_p2     |       xor|   0|  0|   2|           1|           2|
    |xor_ln491_43_fu_2116_p2     |       xor|   0|  0|   2|           1|           1|
    |xor_ln491_44_fu_2121_p2     |       xor|   0|  0|   2|           1|           2|
    |xor_ln491_45_fu_2133_p2     |       xor|   0|  0|   2|           1|           2|
    |xor_ln491_46_fu_2155_p2     |       xor|   0|  0|   2|           1|           1|
    |xor_ln491_47_fu_2234_p2     |       xor|   0|  0|   2|           1|           2|
    |xor_ln491_48_fu_2240_p2     |       xor|   0|  0|   2|           1|           2|
    |xor_ln491_49_fu_2261_p2     |       xor|   0|  0|   2|           1|           1|
    |xor_ln491_50_fu_2266_p2     |       xor|   0|  0|   2|           1|           2|
    |xor_ln491_51_fu_2278_p2     |       xor|   0|  0|   2|           1|           2|
    |xor_ln491_52_fu_2300_p2     |       xor|   0|  0|   2|           1|           1|
    |xor_ln491_53_fu_2379_p2     |       xor|   0|  0|   2|           1|           2|
    |xor_ln491_54_fu_2385_p2     |       xor|   0|  0|   2|           1|           2|
    |xor_ln491_55_fu_2406_p2     |       xor|   0|  0|   2|           1|           1|
    |xor_ln491_56_fu_2411_p2     |       xor|   0|  0|   2|           1|           2|
    |xor_ln491_57_fu_2423_p2     |       xor|   0|  0|   2|           1|           2|
    |xor_ln491_58_fu_2445_p2     |       xor|   0|  0|   2|           1|           1|
    |xor_ln491_59_fu_2524_p2     |       xor|   0|  0|   2|           1|           2|
    |xor_ln491_60_fu_2530_p2     |       xor|   0|  0|   2|           1|           2|
    |xor_ln491_61_fu_2551_p2     |       xor|   0|  0|   2|           1|           1|
    |xor_ln491_62_fu_2556_p2     |       xor|   0|  0|   2|           1|           2|
    |xor_ln491_63_fu_2568_p2     |       xor|   0|  0|   2|           1|           2|
    |xor_ln491_64_fu_2590_p2     |       xor|   0|  0|   2|           1|           1|
    |xor_ln491_65_fu_2669_p2     |       xor|   0|  0|   2|           1|           2|
    |xor_ln491_66_fu_2675_p2     |       xor|   0|  0|   2|           1|           2|
    |xor_ln491_67_fu_2696_p2     |       xor|   0|  0|   2|           1|           1|
    |xor_ln491_68_fu_2701_p2     |       xor|   0|  0|   2|           1|           2|
    |xor_ln491_69_fu_2713_p2     |       xor|   0|  0|   2|           1|           2|
    |xor_ln491_70_fu_2735_p2     |       xor|   0|  0|   2|           1|           1|
    |xor_ln491_71_fu_2814_p2     |       xor|   0|  0|   2|           1|           2|
    |xor_ln491_72_fu_2820_p2     |       xor|   0|  0|   2|           1|           2|
    |xor_ln491_73_fu_2841_p2     |       xor|   0|  0|   2|           1|           1|
    |xor_ln491_74_fu_2846_p2     |       xor|   0|  0|   2|           1|           2|
    |xor_ln491_75_fu_2858_p2     |       xor|   0|  0|   2|           1|           2|
    |xor_ln491_76_fu_2880_p2     |       xor|   0|  0|   2|           1|           1|
    |xor_ln491_77_fu_2959_p2     |       xor|   0|  0|   2|           1|           2|
    |xor_ln491_78_fu_2965_p2     |       xor|   0|  0|   2|           1|           2|
    |xor_ln491_79_fu_2986_p2     |       xor|   0|  0|   2|           1|           1|
    |xor_ln491_80_fu_2991_p2     |       xor|   0|  0|   2|           1|           2|
    |xor_ln491_81_fu_3003_p2     |       xor|   0|  0|   2|           1|           2|
    |xor_ln491_82_fu_3025_p2     |       xor|   0|  0|   2|           1|           1|
    |xor_ln491_83_fu_3104_p2     |       xor|   0|  0|   2|           1|           2|
    |xor_ln491_84_fu_3110_p2     |       xor|   0|  0|   2|           1|           2|
    |xor_ln491_85_fu_3131_p2     |       xor|   0|  0|   2|           1|           1|
    |xor_ln491_86_fu_3136_p2     |       xor|   0|  0|   2|           1|           2|
    |xor_ln491_87_fu_3148_p2     |       xor|   0|  0|   2|           1|           2|
    |xor_ln491_88_fu_3170_p2     |       xor|   0|  0|   2|           1|           1|
    |xor_ln491_89_fu_3249_p2     |       xor|   0|  0|   2|           1|           2|
    |xor_ln491_90_fu_3255_p2     |       xor|   0|  0|   2|           1|           2|
    |xor_ln491_91_fu_3276_p2     |       xor|   0|  0|   2|           1|           1|
    |xor_ln491_92_fu_3281_p2     |       xor|   0|  0|   2|           1|           2|
    |xor_ln491_93_fu_3293_p2     |       xor|   0|  0|   2|           1|           2|
    |xor_ln491_94_fu_3315_p2     |       xor|   0|  0|   2|           1|           1|
    |xor_ln491_95_fu_3394_p2     |       xor|   0|  0|   2|           1|           2|
    |xor_ln491_96_fu_3400_p2     |       xor|   0|  0|   2|           1|           2|
    |xor_ln491_97_fu_3421_p2     |       xor|   0|  0|   2|           1|           1|
    |xor_ln491_98_fu_3426_p2     |       xor|   0|  0|   2|           1|           2|
    |xor_ln491_99_fu_3438_p2     |       xor|   0|  0|   2|           1|           2|
    |xor_ln491_fu_1944_p2        |       xor|   0|  0|   2|           1|           2|
    +----------------------------+----------+----+---+----+------------+------------+
    |Total                       |          |   0|  0|3187|        1665|        1869|
    +----------------------------+----------+----+---+----+------------+------------+

    * Multiplexer: 
    +-------------------------+----+-----------+-----+-----------+
    |           Name          | LUT| Input Size| Bits| Total Bits|
    +-------------------------+----+-----------+-----+-----------+
    |ap_done_int              |   9|          2|    1|          2|
    |ap_enable_reg_pp0_iter1  |   9|          2|    1|          2|
    |ap_sig_allocacmp_i_3     |   9|          2|    7|         14|
    |i_fu_144                 |   9|          2|    7|         14|
    |layer6_out_blk_n         |   9|          2|    1|          2|
    |layer8_out_blk_n         |   9|          2|    1|          2|
    |real_start               |   9|          2|    1|          2|
    +-------------------------+----+-----------+-----+-----------+
    |Total                    |  63|         14|   19|         38|
    +-------------------------+----+-----------+-----+-----------+

    * Register: 
    +----------------------------------+----+----+-----+-----------+
    |               Name               | FF | LUT| Bits| Const Bits|
    +----------------------------------+----+----+-----+-----------+
    |add_ln491_13_reg_4367             |  13|   0|   15|          2|
    |add_ln491_15_reg_4394             |  13|   0|   15|          2|
    |add_ln491_17_reg_4421             |  13|   0|   15|          2|
    |add_ln491_19_reg_4448             |  13|   0|   15|          2|
    |add_ln491_21_reg_4475             |  13|   0|   15|          2|
    |add_ln491_23_reg_4502             |  13|   0|   15|          2|
    |add_ln491_25_reg_4529             |  13|   0|   15|          2|
    |add_ln491_27_reg_4556             |  13|   0|   15|          2|
    |add_ln491_29_reg_4583             |  13|   0|   15|          2|
    |add_ln491_31_reg_4610             |  13|   0|   15|          2|
    |add_ln491_33_reg_4637             |  13|   0|   15|          2|
    |add_ln491_35_reg_4664             |  13|   0|   15|          2|
    |add_ln491_37_reg_4691             |  13|   0|   15|          2|
    |add_ln491_39_reg_4718             |  13|   0|   15|          2|
    |add_ln491_41_reg_4745             |  13|   0|   15|          2|
    |add_ln491_reg_4340                |  13|   0|   15|          2|
    |ap_CS_fsm                         |   1|   0|    1|          0|
    |ap_done_reg                       |   1|   0|    1|          0|
    |ap_enable_reg_pp0_iter1           |   1|   0|    1|          0|
    |ap_enable_reg_pp0_iter2           |   1|   0|    1|          0|
    |ap_enable_reg_pp0_iter3           |   1|   0|    1|          0|
    |ap_loop_exit_ready_pp0_iter1_reg  |   1|   0|    1|          0|
    |ap_loop_exit_ready_pp0_iter2_reg  |   1|   0|    1|          0|
    |i_fu_144                          |   7|   0|    7|          0|
    |icmp_ln491_10_reg_4491            |   1|   0|    1|          0|
    |icmp_ln491_11_reg_4518            |   1|   0|    1|          0|
    |icmp_ln491_12_reg_4545            |   1|   0|    1|          0|
    |icmp_ln491_13_reg_4572            |   1|   0|    1|          0|
    |icmp_ln491_14_reg_4599            |   1|   0|    1|          0|
    |icmp_ln491_15_reg_4626            |   1|   0|    1|          0|
    |icmp_ln491_16_reg_4653            |   1|   0|    1|          0|
    |icmp_ln491_17_reg_4680            |   1|   0|    1|          0|
    |icmp_ln491_18_reg_4707            |   1|   0|    1|          0|
    |icmp_ln491_19_reg_4734            |   1|   0|    1|          0|
    |icmp_ln491_20_reg_4761            |   1|   0|    1|          0|
    |icmp_ln491_6_reg_4383             |   1|   0|    1|          0|
    |icmp_ln491_7_reg_4410             |   1|   0|    1|          0|
    |icmp_ln491_8_reg_4437             |   1|   0|    1|          0|
    |icmp_ln491_9_reg_4464             |   1|   0|    1|          0|
    |icmp_ln491_reg_4356               |   1|   0|    1|          0|
    |start_once_reg                    |   1|   0|    1|          0|
    |tmp_102_reg_4442                  |   1|   0|    1|          0|
    |tmp_105_reg_4455                  |   1|   0|    1|          0|
    |tmp_108_reg_4469                  |   1|   0|    1|          0|
    |tmp_111_reg_4482                  |   1|   0|    1|          0|
    |tmp_114_reg_4496                  |   1|   0|    1|          0|
    |tmp_117_reg_4509                  |   1|   0|    1|          0|
    |tmp_120_reg_4523                  |   1|   0|    1|          0|
    |tmp_123_reg_4536                  |   1|   0|    1|          0|
    |tmp_126_reg_4550                  |   1|   0|    1|          0|
    |tmp_129_reg_4563                  |   1|   0|    1|          0|
    |tmp_132_reg_4577                  |   1|   0|    1|          0|
    |tmp_135_reg_4590                  |   1|   0|    1|          0|
    |tmp_138_reg_4604                  |   1|   0|    1|          0|
    |tmp_141_reg_4617                  |   1|   0|    1|          0|
    |tmp_144_reg_4631                  |   1|   0|    1|          0|
    |tmp_147_reg_4644                  |   1|   0|    1|          0|
    |tmp_150_reg_4658                  |   1|   0|    1|          0|
    |tmp_153_reg_4671                  |   1|   0|    1|          0|
    |tmp_156_reg_4685                  |   1|   0|    1|          0|
    |tmp_159_reg_4698                  |   1|   0|    1|          0|
    |tmp_15_reg_4270                   |  25|   0|   25|          0|
    |tmp_162_reg_4712                  |   1|   0|    1|          0|
    |tmp_165_reg_4725                  |   1|   0|    1|          0|
    |tmp_168_reg_4739                  |   1|   0|    1|          0|
    |tmp_16_reg_4275                   |  25|   0|   25|          0|
    |tmp_171_reg_4752                  |   1|   0|    1|          0|
    |tmp_174_reg_4766                  |   1|   0|    1|          0|
    |tmp_17_reg_4280                   |  25|   0|   25|          0|
    |tmp_18_reg_4285                   |  25|   0|   25|          0|
    |tmp_19_reg_4290                   |  25|   0|   25|          0|
    |tmp_20_reg_4295                   |  25|   0|   25|          0|
    |tmp_21_reg_4300                   |  25|   0|   25|          0|
    |tmp_22_reg_4305                   |  25|   0|   25|          0|
    |tmp_23_reg_4310                   |  25|   0|   25|          0|
    |tmp_24_reg_4315                   |  25|   0|   25|          0|
    |tmp_25_reg_4320                   |  25|   0|   25|          0|
    |tmp_26_reg_4325                   |  25|   0|   25|          0|
    |tmp_27_reg_4330                   |  25|   0|   25|          0|
    |tmp_28_reg_4335                   |  25|   0|   25|          0|
    |tmp_81_reg_4347                   |   1|   0|    1|          0|
    |tmp_84_reg_4361                   |   1|   0|    1|          0|
    |tmp_87_reg_4374                   |   1|   0|    1|          0|
    |tmp_90_reg_4388                   |   1|   0|    1|          0|
    |tmp_93_reg_4401                   |   1|   0|    1|          0|
    |tmp_96_reg_4415                   |   1|   0|    1|          0|
    |tmp_99_reg_4428                   |   1|   0|    1|          0|
    |tmp_s_reg_4265                    |  25|   0|   25|          0|
    |trunc_ln486_reg_4260              |  25|   0|   25|          0|
    +----------------------------------+----+----+-----+-----------+
    |Total                             | 671|   0|  703|         32|
    +----------------------------------+----+----+-----+-----------+



================================================================
== Interface
================================================================
* Summary: 
+---------------------------+-----+-----+------------+-------------------------------------------------------------------+--------------+
|         RTL Ports         | Dir | Bits|  Protocol  |                           Source Object                           |    C Type    |
+---------------------------+-----+-----+------------+-------------------------------------------------------------------+--------------+
|ap_clk                     |   in|    1|  ap_ctrl_hs|  hard_tanh<array,array<ap_fixed<8,1,4,0,0>,16u>,hard_tanh_config8>|  return value|
|ap_rst                     |   in|    1|  ap_ctrl_hs|  hard_tanh<array,array<ap_fixed<8,1,4,0,0>,16u>,hard_tanh_config8>|  return value|
|ap_start                   |   in|    1|  ap_ctrl_hs|  hard_tanh<array,array<ap_fixed<8,1,4,0,0>,16u>,hard_tanh_config8>|  return value|
|start_full_n               |   in|    1|  ap_ctrl_hs|  hard_tanh<array,array<ap_fixed<8,1,4,0,0>,16u>,hard_tanh_config8>|  return value|
|ap_done                    |  out|    1|  ap_ctrl_hs|  hard_tanh<array,array<ap_fixed<8,1,4,0,0>,16u>,hard_tanh_config8>|  return value|
|ap_continue                |   in|    1|  ap_ctrl_hs|  hard_tanh<array,array<ap_fixed<8,1,4,0,0>,16u>,hard_tanh_config8>|  return value|
|ap_idle                    |  out|    1|  ap_ctrl_hs|  hard_tanh<array,array<ap_fixed<8,1,4,0,0>,16u>,hard_tanh_config8>|  return value|
|ap_ready                   |  out|    1|  ap_ctrl_hs|  hard_tanh<array,array<ap_fixed<8,1,4,0,0>,16u>,hard_tanh_config8>|  return value|
|start_out                  |  out|    1|  ap_ctrl_hs|  hard_tanh<array,array<ap_fixed<8,1,4,0,0>,16u>,hard_tanh_config8>|  return value|
|start_write                |  out|    1|  ap_ctrl_hs|  hard_tanh<array,array<ap_fixed<8,1,4,0,0>,16u>,hard_tanh_config8>|  return value|
|layer6_out_dout            |   in|  400|     ap_fifo|                                                         layer6_out|       pointer|
|layer6_out_num_data_valid  |   in|    7|     ap_fifo|                                                         layer6_out|       pointer|
|layer6_out_fifo_cap        |   in|    7|     ap_fifo|                                                         layer6_out|       pointer|
|layer6_out_empty_n         |   in|    1|     ap_fifo|                                                         layer6_out|       pointer|
|layer6_out_read            |  out|    1|     ap_fifo|                                                         layer6_out|       pointer|
|layer8_out_din             |  out|  128|     ap_fifo|                                                         layer8_out|       pointer|
|layer8_out_num_data_valid  |   in|    7|     ap_fifo|                                                         layer8_out|       pointer|
|layer8_out_fifo_cap        |   in|    7|     ap_fifo|                                                         layer8_out|       pointer|
|layer8_out_full_n          |   in|    1|     ap_fifo|                                                         layer8_out|       pointer|
|layer8_out_write           |  out|    1|     ap_fifo|                                                         layer8_out|       pointer|
+---------------------------+-----+-----+------------+-------------------------------------------------------------------+--------------+

