

================================================================
== Vitis HLS Report for 'shift_line_buffer_array_ap_fixed_8_1_4_0_0_16u_config9_s'
================================================================
* Date:           Tue Nov  4 16:14:23 2025

* Version:        2023.2 (Build 4023990 on Oct 11 2023)
* Project:        myproject_prj
* Solution:       solution1 (Vivado IP Flow Target)
* Product family: zynquplus
* Target device:  xczu9eg-ffvb1156-2-e


================================================================
== Performance Estimates
================================================================
+ Timing: 
    * Summary: 
    +--------+---------+----------+------------+
    |  Clock |  Target | Estimated| Uncertainty|
    +--------+---------+----------+------------+
    |ap_clk  |  5.00 ns|  0.717 ns|     1.35 ns|
    +--------+---------+----------+------------+

+ Latency: 
    * Summary: 
    +---------+---------+----------+----------+-----+-----+---------+
    |  Latency (cycles) |  Latency (absolute) |  Interval | Pipeline|
    |   min   |   max   |    min   |    max   | min | max |   Type  |
    +---------+---------+----------+----------+-----+-----+---------+
    |        0|        0|      0 ns|      0 ns|    1|    1|      yes|
    +---------+---------+----------+----------+-----+-----+---------+

    + Detail: 
        * Instance: 
        N/A

        * Loop: 
        N/A



================================================================
== Utilization Estimates
================================================================
* Summary: 
+-----------------+---------+------+--------+--------+-----+
|       Name      | BRAM_18K|  DSP |   FF   |   LUT  | URAM|
+-----------------+---------+------+--------+--------+-----+
|DSP              |        -|     -|       -|       -|    -|
|Expression       |        -|     -|       -|       -|    -|
|FIFO             |        -|     -|       -|       -|    -|
|Instance         |        -|     -|       -|       -|    -|
|Memory           |        -|     -|    1024|     512|    -|
|Multiplexer      |        -|     -|       -|     288|    -|
|Register         |        -|     -|       1|       -|    -|
+-----------------+---------+------+--------+--------+-----+
|Total            |        0|     0|    1025|     800|    0|
+-----------------+---------+------+--------+--------+-----+
|Available        |     1824|  2520|  548160|  274080|    0|
+-----------------+---------+------+--------+--------+-----+
|Utilization (%)  |        0|     0|      ~0|      ~0|    0|
+-----------------+---------+------+--------+--------+-----+

+ Detail: 
    * Instance: 
    N/A

    * DSP: 
    N/A

    * Memory: 
    +---------------------------------------------------------------------------------------+----------------------------------------------------------------------------------+---------+----+----+-----+------+-----+------+-------------+
    |                                         Memory                                        |                                      Module                                      | BRAM_18K| FF | LUT| URAM| Words| Bits| Banks| W*Bits*Banks|
    +---------------------------------------------------------------------------------------+----------------------------------------------------------------------------------+---------+----+----+-----+------+-----+------+-------------+
    |void_pooling2d_cl_stream_stream_array_ap_fixed_16u_0_line_buffer_9_U                   |shift_line_buffer_array_ap_fixed_8_1_4_0_0_16u_config9_s_void_pooling2d_cl_stJfO  |        0|  64|  32|    0|     8|    8|     1|           64|
    |void_pooling2d_cl_stream_stream_array_ap_fixed_16u_0_line_buffer_8_U                   |shift_line_buffer_array_ap_fixed_8_1_4_0_0_16u_config9_s_void_pooling2d_cl_stJfO  |        0|  64|  32|    0|     8|    8|     1|           64|
    |void_pooling2d_cl_stream_stream_array_ap_fixed_16u_0_line_buffer_7_U                   |shift_line_buffer_array_ap_fixed_8_1_4_0_0_16u_config9_s_void_pooling2d_cl_stJfO  |        0|  64|  32|    0|     8|    8|     1|           64|
    |void_pooling2d_cl_stream_stream_array_ap_fixed_16u_0_line_buffer_6_U                   |shift_line_buffer_array_ap_fixed_8_1_4_0_0_16u_config9_s_void_pooling2d_cl_stJfO  |        0|  64|  32|    0|     8|    8|     1|           64|
    |void_pooling2d_cl_stream_stream_array_ap_fixed_16u_0_line_buffer_5_U                   |shift_line_buffer_array_ap_fixed_8_1_4_0_0_16u_config9_s_void_pooling2d_cl_stJfO  |        0|  64|  32|    0|     8|    8|     1|           64|
    |void_pooling2d_cl_stream_stream_array_ap_fixed_16u_0_line_buffer_4_U                   |shift_line_buffer_array_ap_fixed_8_1_4_0_0_16u_config9_s_void_pooling2d_cl_stJfO  |        0|  64|  32|    0|     8|    8|     1|           64|
    |void_pooling2d_cl_stream_stream_array_ap_fixed_16u_0_line_buffer_3_U                   |shift_line_buffer_array_ap_fixed_8_1_4_0_0_16u_config9_s_void_pooling2d_cl_stJfO  |        0|  64|  32|    0|     8|    8|     1|           64|
    |void_pooling2d_cl_stream_stream_array_ap_fixed_16u_0_line_buffer_2_U                   |shift_line_buffer_array_ap_fixed_8_1_4_0_0_16u_config9_s_void_pooling2d_cl_stJfO  |        0|  64|  32|    0|     8|    8|     1|           64|
    |void_pooling2d_cl_stream_stream_array_ap_fixed_16u_0_line_buffer_1_U                   |shift_line_buffer_array_ap_fixed_8_1_4_0_0_16u_config9_s_void_pooling2d_cl_stJfO  |        0|  64|  32|    0|     8|    8|     1|           64|
    |void_pooling2d_cl_stream_stream_array_ap_fixed_16u_0_line_buffer_U                     |shift_line_buffer_array_ap_fixed_8_1_4_0_0_16u_config9_s_void_pooling2d_cl_stJfO  |        0|  64|  32|    0|     8|    8|     1|           64|
    |p_ZZN4nnet12pooling2d_clINS_5arrayI8ap_fixedILi8ELi1EL9ap_q_mode4EL9ap_o_mode0ELi_5_U  |shift_line_buffer_array_ap_fixed_8_1_4_0_0_16u_config9_s_void_pooling2d_cl_stJfO  |        0|  64|  32|    0|     8|    8|     1|           64|
    |p_ZZN4nnet12pooling2d_clINS_5arrayI8ap_fixedILi8ELi1EL9ap_q_mode4EL9ap_o_mode0ELi_4_U  |shift_line_buffer_array_ap_fixed_8_1_4_0_0_16u_config9_s_void_pooling2d_cl_stJfO  |        0|  64|  32|    0|     8|    8|     1|           64|
    |p_ZZN4nnet12pooling2d_clINS_5arrayI8ap_fixedILi8ELi1EL9ap_q_mode4EL9ap_o_mode0ELi_3_U  |shift_line_buffer_array_ap_fixed_8_1_4_0_0_16u_config9_s_void_pooling2d_cl_stJfO  |        0|  64|  32|    0|     8|    8|     1|           64|
    |p_ZZN4nnet12pooling2d_clINS_5arrayI8ap_fixedILi8ELi1EL9ap_q_mode4EL9ap_o_mode0ELi_2_U  |shift_line_buffer_array_ap_fixed_8_1_4_0_0_16u_config9_s_void_pooling2d_cl_stJfO  |        0|  64|  32|    0|     8|    8|     1|           64|
    |p_ZZN4nnet12pooling2d_clINS_5arrayI8ap_fixedILi8ELi1EL9ap_q_mode4EL9ap_o_mode0ELi_1_U  |shift_line_buffer_array_ap_fixed_8_1_4_0_0_16u_config9_s_void_pooling2d_cl_stJfO  |        0|  64|  32|    0|     8|    8|     1|           64|
    |p_ZZN4nnet12pooling2d_clINS_5arrayI8ap_fixedILi8ELi1EL9ap_q_mode4EL9ap_o_mode0ELi_U    |shift_line_buffer_array_ap_fixed_8_1_4_0_0_16u_config9_s_void_pooling2d_cl_stJfO  |        0|  64|  32|    0|     8|    8|     1|           64|
    +---------------------------------------------------------------------------------------+----------------------------------------------------------------------------------+---------+----+----+-----+------+-----+------+-------------+
    |Total                                                                                  |                                                                                  |        0|1024| 512|    0|   128|  128|    16|         1024|
    +---------------------------------------------------------------------------------------+----------------------------------------------------------------------------------+---------+----+----+-----+------+-----+------+-------------+

    * FIFO: 
    N/A

    * Expression: 
    N/A

    * Multiplexer: 
    +---------------------------------------------------------------------------------------+----+-----------+-----+-----------+
    |                                          Name                                         | LUT| Input Size| Bits| Total Bits|
    +---------------------------------------------------------------------------------------+----+-----------+-----+-----------+
    |p_ZZN4nnet22compute_pool_buffer_2dINS_5arrayI8ap_fixedILi8ELi1EL9ap_q_mode4EL9ap_14_o  |   9|          2|    8|         16|
    |p_ZZN4nnet22compute_pool_buffer_2dINS_5arrayI8ap_fixedILi8ELi1EL9ap_q_mode4EL9ap_15_o  |   9|          2|    8|         16|
    |p_ZZN4nnet22compute_pool_buffer_2dINS_5arrayI8ap_fixedILi8ELi1EL9ap_q_mode4EL9ap_16_o  |   9|          2|    8|         16|
    |p_ZZN4nnet22compute_pool_buffer_2dINS_5arrayI8ap_fixedILi8ELi1EL9ap_q_mode4EL9ap_17_o  |   9|          2|    8|         16|
    |p_ZZN4nnet22compute_pool_buffer_2dINS_5arrayI8ap_fixedILi8ELi1EL9ap_q_mode4EL9ap_18_o  |   9|          2|    8|         16|
    |p_ZZN4nnet22compute_pool_buffer_2dINS_5arrayI8ap_fixedILi8ELi1EL9ap_q_mode4EL9ap_19_o  |   9|          2|    8|         16|
    |p_ZZN4nnet22compute_pool_buffer_2dINS_5arrayI8ap_fixedILi8ELi1EL9ap_q_mode4EL9ap_20_o  |   9|          2|    8|         16|
    |p_ZZN4nnet22compute_pool_buffer_2dINS_5arrayI8ap_fixedILi8ELi1EL9ap_q_mode4EL9ap_21_o  |   9|          2|    8|         16|
    |p_ZZN4nnet22compute_pool_buffer_2dINS_5arrayI8ap_fixedILi8ELi1EL9ap_q_mode4EL9ap_22_o  |   9|          2|    8|         16|
    |p_ZZN4nnet22compute_pool_buffer_2dINS_5arrayI8ap_fixedILi8ELi1EL9ap_q_mode4EL9ap_23_o  |   9|          2|    8|         16|
    |p_ZZN4nnet22compute_pool_buffer_2dINS_5arrayI8ap_fixedILi8ELi1EL9ap_q_mode4EL9ap_24_o  |   9|          2|    8|         16|
    |p_ZZN4nnet22compute_pool_buffer_2dINS_5arrayI8ap_fixedILi8ELi1EL9ap_q_mode4EL9ap_25_o  |   9|          2|    8|         16|
    |p_ZZN4nnet22compute_pool_buffer_2dINS_5arrayI8ap_fixedILi8ELi1EL9ap_q_mode4EL9ap_26_o  |   9|          2|    8|         16|
    |p_ZZN4nnet22compute_pool_buffer_2dINS_5arrayI8ap_fixedILi8ELi1EL9ap_q_mode4EL9ap_27_o  |   9|          2|    8|         16|
    |p_ZZN4nnet22compute_pool_buffer_2dINS_5arrayI8ap_fixedILi8ELi1EL9ap_q_mode4EL9ap_28_o  |   9|          2|    8|         16|
    |p_ZZN4nnet22compute_pool_buffer_2dINS_5arrayI8ap_fixedILi8ELi1EL9ap_q_mode4EL9ap_29_o  |   9|          2|    8|         16|
    |p_ZZN4nnet22compute_pool_buffer_2dINS_5arrayI8ap_fixedILi8ELi1EL9ap_q_mode4EL9ap_46_o  |   9|          2|    8|         16|
    |p_ZZN4nnet22compute_pool_buffer_2dINS_5arrayI8ap_fixedILi8ELi1EL9ap_q_mode4EL9ap_47_o  |   9|          2|    8|         16|
    |p_ZZN4nnet22compute_pool_buffer_2dINS_5arrayI8ap_fixedILi8ELi1EL9ap_q_mode4EL9ap_48_o  |   9|          2|    8|         16|
    |p_ZZN4nnet22compute_pool_buffer_2dINS_5arrayI8ap_fixedILi8ELi1EL9ap_q_mode4EL9ap_49_o  |   9|          2|    8|         16|
    |p_ZZN4nnet22compute_pool_buffer_2dINS_5arrayI8ap_fixedILi8ELi1EL9ap_q_mode4EL9ap_50_o  |   9|          2|    8|         16|
    |p_ZZN4nnet22compute_pool_buffer_2dINS_5arrayI8ap_fixedILi8ELi1EL9ap_q_mode4EL9ap_51_o  |   9|          2|    8|         16|
    |p_ZZN4nnet22compute_pool_buffer_2dINS_5arrayI8ap_fixedILi8ELi1EL9ap_q_mode4EL9ap_52_o  |   9|          2|    8|         16|
    |p_ZZN4nnet22compute_pool_buffer_2dINS_5arrayI8ap_fixedILi8ELi1EL9ap_q_mode4EL9ap_53_o  |   9|          2|    8|         16|
    |p_ZZN4nnet22compute_pool_buffer_2dINS_5arrayI8ap_fixedILi8ELi1EL9ap_q_mode4EL9ap_54_o  |   9|          2|    8|         16|
    |p_ZZN4nnet22compute_pool_buffer_2dINS_5arrayI8ap_fixedILi8ELi1EL9ap_q_mode4EL9ap_55_o  |   9|          2|    8|         16|
    |p_ZZN4nnet22compute_pool_buffer_2dINS_5arrayI8ap_fixedILi8ELi1EL9ap_q_mode4EL9ap_56_o  |   9|          2|    8|         16|
    |p_ZZN4nnet22compute_pool_buffer_2dINS_5arrayI8ap_fixedILi8ELi1EL9ap_q_mode4EL9ap_57_o  |   9|          2|    8|         16|
    |p_ZZN4nnet22compute_pool_buffer_2dINS_5arrayI8ap_fixedILi8ELi1EL9ap_q_mode4EL9ap_58_o  |   9|          2|    8|         16|
    |p_ZZN4nnet22compute_pool_buffer_2dINS_5arrayI8ap_fixedILi8ELi1EL9ap_q_mode4EL9ap_59_o  |   9|          2|    8|         16|
    |p_ZZN4nnet22compute_pool_buffer_2dINS_5arrayI8ap_fixedILi8ELi1EL9ap_q_mode4EL9ap_60_o  |   9|          2|    8|         16|
    |p_ZZN4nnet22compute_pool_buffer_2dINS_5arrayI8ap_fixedILi8ELi1EL9ap_q_mode4EL9ap_61_o  |   9|          2|    8|         16|
    +---------------------------------------------------------------------------------------+----+-----------+-----+-----------+
    |Total                                                                                  | 288|         64|  256|        512|
    +---------------------------------------------------------------------------------------+----+-----------+-----+-----------+

    * Register: 
    +-----------+---+----+-----+-----------+
    |    Name   | FF| LUT| Bits| Const Bits|
    +-----------+---+----+-----+-----------+
    |ap_CS_fsm  |  1|   0|    1|          0|
    +-----------+---+----+-----+-----------+
    |Total      |  1|   0|    1|          0|
    +-----------+---+----+-----+-----------+



================================================================
== Interface
================================================================
* Summary: 
+----------------------------------------------------------------------------------------------+-----+-----+------------+-------------------------------------------------------------------------------------+--------------+
|                                           RTL Ports                                          | Dir | Bits|  Protocol  |                                    Source Object                                    |    C Type    |
+----------------------------------------------------------------------------------------------+-----+-----+------------+-------------------------------------------------------------------------------------+--------------+
|ap_clk                                                                                        |   in|    1|  ap_ctrl_hs|                      shift_line_buffer<array<ap_fixed<8, 1, 4, 0, 0>, 16u>, config9>|  return value|
|ap_rst                                                                                        |   in|    1|  ap_ctrl_hs|                      shift_line_buffer<array<ap_fixed<8, 1, 4, 0, 0>, 16u>, config9>|  return value|
|ap_start                                                                                      |   in|    1|  ap_ctrl_hs|                      shift_line_buffer<array<ap_fixed<8, 1, 4, 0, 0>, 16u>, config9>|  return value|
|ap_done                                                                                       |  out|    1|  ap_ctrl_hs|                      shift_line_buffer<array<ap_fixed<8, 1, 4, 0, 0>, 16u>, config9>|  return value|
|ap_idle                                                                                       |  out|    1|  ap_ctrl_hs|                      shift_line_buffer<array<ap_fixed<8, 1, 4, 0, 0>, 16u>, config9>|  return value|
|ap_ready                                                                                      |  out|    1|  ap_ctrl_hs|                      shift_line_buffer<array<ap_fixed<8, 1, 4, 0, 0>, 16u>, config9>|  return value|
|ap_ce                                                                                         |   in|    1|  ap_ctrl_hs|                      shift_line_buffer<array<ap_fixed<8, 1, 4, 0, 0>, 16u>, config9>|  return value|
|p_read                                                                                        |   in|    8|     ap_none|                                                                               p_read|        scalar|
|p_read1                                                                                       |   in|    8|     ap_none|                                                                              p_read1|        scalar|
|p_read2                                                                                       |   in|    8|     ap_none|                                                                              p_read2|        scalar|
|p_read3                                                                                       |   in|    8|     ap_none|                                                                              p_read3|        scalar|
|p_read4                                                                                       |   in|    8|     ap_none|                                                                              p_read4|        scalar|
|p_read5                                                                                       |   in|    8|     ap_none|                                                                              p_read5|        scalar|
|p_read6                                                                                       |   in|    8|     ap_none|                                                                              p_read6|        scalar|
|p_read7                                                                                       |   in|    8|     ap_none|                                                                              p_read7|        scalar|
|p_read8                                                                                       |   in|    8|     ap_none|                                                                              p_read8|        scalar|
|p_read9                                                                                       |   in|    8|     ap_none|                                                                              p_read9|        scalar|
|p_read10                                                                                      |   in|    8|     ap_none|                                                                             p_read10|        scalar|
|p_read11                                                                                      |   in|    8|     ap_none|                                                                             p_read11|        scalar|
|p_read12                                                                                      |   in|    8|     ap_none|                                                                             p_read12|        scalar|
|p_read13                                                                                      |   in|    8|     ap_none|                                                                             p_read13|        scalar|
|p_read14                                                                                      |   in|    8|     ap_none|                                                                             p_read14|        scalar|
|p_read15                                                                                      |   in|    8|     ap_none|                                                                             p_read15|        scalar|
|p_ZZN4nnet22compute_pool_buffer_2dINS_5arrayI8ap_fixedILi8ELi1EL9ap_q_mode4EL9ap_61_i         |   in|    8|     ap_ovld|  p_ZZN4nnet22compute_pool_buffer_2dINS_5arrayI8ap_fixedILi8ELi1EL9ap_q_mode4EL9ap_61|       pointer|
|p_ZZN4nnet22compute_pool_buffer_2dINS_5arrayI8ap_fixedILi8ELi1EL9ap_q_mode4EL9ap_61_o         |  out|    8|     ap_ovld|  p_ZZN4nnet22compute_pool_buffer_2dINS_5arrayI8ap_fixedILi8ELi1EL9ap_q_mode4EL9ap_61|       pointer|
|p_ZZN4nnet22compute_pool_buffer_2dINS_5arrayI8ap_fixedILi8ELi1EL9ap_q_mode4EL9ap_61_o_ap_vld  |  out|    1|     ap_ovld|  p_ZZN4nnet22compute_pool_buffer_2dINS_5arrayI8ap_fixedILi8ELi1EL9ap_q_mode4EL9ap_61|       pointer|
|void_compute_pool_buffer_2d_array_const_ap_shift_reg_n_filt_stream_kernel_19                  |  out|    8|      ap_vld|         void_compute_pool_buffer_2d_array_const_ap_shift_reg_n_filt_stream_kernel_19|       pointer|
|void_compute_pool_buffer_2d_array_const_ap_shift_reg_n_filt_stream_kernel_19_ap_vld           |  out|    1|      ap_vld|         void_compute_pool_buffer_2d_array_const_ap_shift_reg_n_filt_stream_kernel_19|       pointer|
|p_ZZN4nnet22compute_pool_buffer_2dINS_5arrayI8ap_fixedILi8ELi1EL9ap_q_mode4EL9ap_60_i         |   in|    8|     ap_ovld|  p_ZZN4nnet22compute_pool_buffer_2dINS_5arrayI8ap_fixedILi8ELi1EL9ap_q_mode4EL9ap_60|       pointer|
|p_ZZN4nnet22compute_pool_buffer_2dINS_5arrayI8ap_fixedILi8ELi1EL9ap_q_mode4EL9ap_60_o         |  out|    8|     ap_ovld|  p_ZZN4nnet22compute_pool_buffer_2dINS_5arrayI8ap_fixedILi8ELi1EL9ap_q_mode4EL9ap_60|       pointer|
|p_ZZN4nnet22compute_pool_buffer_2dINS_5arrayI8ap_fixedILi8ELi1EL9ap_q_mode4EL9ap_60_o_ap_vld  |  out|    1|     ap_ovld|  p_ZZN4nnet22compute_pool_buffer_2dINS_5arrayI8ap_fixedILi8ELi1EL9ap_q_mode4EL9ap_60|       pointer|
|void_compute_pool_buffer_2d_array_const_ap_shift_reg_n_filt_stream_kernel_18                  |  out|    8|      ap_vld|         void_compute_pool_buffer_2d_array_const_ap_shift_reg_n_filt_stream_kernel_18|       pointer|
|void_compute_pool_buffer_2d_array_const_ap_shift_reg_n_filt_stream_kernel_18_ap_vld           |  out|    1|      ap_vld|         void_compute_pool_buffer_2d_array_const_ap_shift_reg_n_filt_stream_kernel_18|       pointer|
|p_ZZN4nnet22compute_pool_buffer_2dINS_5arrayI8ap_fixedILi8ELi1EL9ap_q_mode4EL9ap_59_i         |   in|    8|     ap_ovld|  p_ZZN4nnet22compute_pool_buffer_2dINS_5arrayI8ap_fixedILi8ELi1EL9ap_q_mode4EL9ap_59|       pointer|
|p_ZZN4nnet22compute_pool_buffer_2dINS_5arrayI8ap_fixedILi8ELi1EL9ap_q_mode4EL9ap_59_o         |  out|    8|     ap_ovld|  p_ZZN4nnet22compute_pool_buffer_2dINS_5arrayI8ap_fixedILi8ELi1EL9ap_q_mode4EL9ap_59|       pointer|
|p_ZZN4nnet22compute_pool_buffer_2dINS_5arrayI8ap_fixedILi8ELi1EL9ap_q_mode4EL9ap_59_o_ap_vld  |  out|    1|     ap_ovld|  p_ZZN4nnet22compute_pool_buffer_2dINS_5arrayI8ap_fixedILi8ELi1EL9ap_q_mode4EL9ap_59|       pointer|
|void_compute_pool_buffer_2d_array_const_ap_shift_reg_n_filt_stream_kernel_17                  |  out|    8|      ap_vld|         void_compute_pool_buffer_2d_array_const_ap_shift_reg_n_filt_stream_kernel_17|       pointer|
|void_compute_pool_buffer_2d_array_const_ap_shift_reg_n_filt_stream_kernel_17_ap_vld           |  out|    1|      ap_vld|         void_compute_pool_buffer_2d_array_const_ap_shift_reg_n_filt_stream_kernel_17|       pointer|
|p_ZZN4nnet22compute_pool_buffer_2dINS_5arrayI8ap_fixedILi8ELi1EL9ap_q_mode4EL9ap_58_i         |   in|    8|     ap_ovld|  p_ZZN4nnet22compute_pool_buffer_2dINS_5arrayI8ap_fixedILi8ELi1EL9ap_q_mode4EL9ap_58|       pointer|
|p_ZZN4nnet22compute_pool_buffer_2dINS_5arrayI8ap_fixedILi8ELi1EL9ap_q_mode4EL9ap_58_o         |  out|    8|     ap_ovld|  p_ZZN4nnet22compute_pool_buffer_2dINS_5arrayI8ap_fixedILi8ELi1EL9ap_q_mode4EL9ap_58|       pointer|
|p_ZZN4nnet22compute_pool_buffer_2dINS_5arrayI8ap_fixedILi8ELi1EL9ap_q_mode4EL9ap_58_o_ap_vld  |  out|    1|     ap_ovld|  p_ZZN4nnet22compute_pool_buffer_2dINS_5arrayI8ap_fixedILi8ELi1EL9ap_q_mode4EL9ap_58|       pointer|
|void_compute_pool_buffer_2d_array_const_ap_shift_reg_n_filt_stream_kernel_16                  |  out|    8|      ap_vld|         void_compute_pool_buffer_2d_array_const_ap_shift_reg_n_filt_stream_kernel_16|       pointer|
|void_compute_pool_buffer_2d_array_const_ap_shift_reg_n_filt_stream_kernel_16_ap_vld           |  out|    1|      ap_vld|         void_compute_pool_buffer_2d_array_const_ap_shift_reg_n_filt_stream_kernel_16|       pointer|
|p_ZZN4nnet22compute_pool_buffer_2dINS_5arrayI8ap_fixedILi8ELi1EL9ap_q_mode4EL9ap_57_i         |   in|    8|     ap_ovld|  p_ZZN4nnet22compute_pool_buffer_2dINS_5arrayI8ap_fixedILi8ELi1EL9ap_q_mode4EL9ap_57|       pointer|
|p_ZZN4nnet22compute_pool_buffer_2dINS_5arrayI8ap_fixedILi8ELi1EL9ap_q_mode4EL9ap_57_o         |  out|    8|     ap_ovld|  p_ZZN4nnet22compute_pool_buffer_2dINS_5arrayI8ap_fixedILi8ELi1EL9ap_q_mode4EL9ap_57|       pointer|
|p_ZZN4nnet22compute_pool_buffer_2dINS_5arrayI8ap_fixedILi8ELi1EL9ap_q_mode4EL9ap_57_o_ap_vld  |  out|    1|     ap_ovld|  p_ZZN4nnet22compute_pool_buffer_2dINS_5arrayI8ap_fixedILi8ELi1EL9ap_q_mode4EL9ap_57|       pointer|
|void_compute_pool_buffer_2d_array_const_ap_shift_reg_n_filt_stream_kernel_15                  |  out|    8|      ap_vld|         void_compute_pool_buffer_2d_array_const_ap_shift_reg_n_filt_stream_kernel_15|       pointer|
|void_compute_pool_buffer_2d_array_const_ap_shift_reg_n_filt_stream_kernel_15_ap_vld           |  out|    1|      ap_vld|         void_compute_pool_buffer_2d_array_const_ap_shift_reg_n_filt_stream_kernel_15|       pointer|
|p_ZZN4nnet22compute_pool_buffer_2dINS_5arrayI8ap_fixedILi8ELi1EL9ap_q_mode4EL9ap_56_i         |   in|    8|     ap_ovld|  p_ZZN4nnet22compute_pool_buffer_2dINS_5arrayI8ap_fixedILi8ELi1EL9ap_q_mode4EL9ap_56|       pointer|
|p_ZZN4nnet22compute_pool_buffer_2dINS_5arrayI8ap_fixedILi8ELi1EL9ap_q_mode4EL9ap_56_o         |  out|    8|     ap_ovld|  p_ZZN4nnet22compute_pool_buffer_2dINS_5arrayI8ap_fixedILi8ELi1EL9ap_q_mode4EL9ap_56|       pointer|
|p_ZZN4nnet22compute_pool_buffer_2dINS_5arrayI8ap_fixedILi8ELi1EL9ap_q_mode4EL9ap_56_o_ap_vld  |  out|    1|     ap_ovld|  p_ZZN4nnet22compute_pool_buffer_2dINS_5arrayI8ap_fixedILi8ELi1EL9ap_q_mode4EL9ap_56|       pointer|
|void_compute_pool_buffer_2d_array_const_ap_shift_reg_n_filt_stream_kernel_14                  |  out|    8|      ap_vld|         void_compute_pool_buffer_2d_array_const_ap_shift_reg_n_filt_stream_kernel_14|       pointer|
|void_compute_pool_buffer_2d_array_const_ap_shift_reg_n_filt_stream_kernel_14_ap_vld           |  out|    1|      ap_vld|         void_compute_pool_buffer_2d_array_const_ap_shift_reg_n_filt_stream_kernel_14|       pointer|
|p_ZZN4nnet22compute_pool_buffer_2dINS_5arrayI8ap_fixedILi8ELi1EL9ap_q_mode4EL9ap_55_i         |   in|    8|     ap_ovld|  p_ZZN4nnet22compute_pool_buffer_2dINS_5arrayI8ap_fixedILi8ELi1EL9ap_q_mode4EL9ap_55|       pointer|
|p_ZZN4nnet22compute_pool_buffer_2dINS_5arrayI8ap_fixedILi8ELi1EL9ap_q_mode4EL9ap_55_o         |  out|    8|     ap_ovld|  p_ZZN4nnet22compute_pool_buffer_2dINS_5arrayI8ap_fixedILi8ELi1EL9ap_q_mode4EL9ap_55|       pointer|
|p_ZZN4nnet22compute_pool_buffer_2dINS_5arrayI8ap_fixedILi8ELi1EL9ap_q_mode4EL9ap_55_o_ap_vld  |  out|    1|     ap_ovld|  p_ZZN4nnet22compute_pool_buffer_2dINS_5arrayI8ap_fixedILi8ELi1EL9ap_q_mode4EL9ap_55|       pointer|
|void_compute_pool_buffer_2d_array_const_ap_shift_reg_n_filt_stream_kernel_13                  |  out|    8|      ap_vld|         void_compute_pool_buffer_2d_array_const_ap_shift_reg_n_filt_stream_kernel_13|       pointer|
|void_compute_pool_buffer_2d_array_const_ap_shift_reg_n_filt_stream_kernel_13_ap_vld           |  out|    1|      ap_vld|         void_compute_pool_buffer_2d_array_const_ap_shift_reg_n_filt_stream_kernel_13|       pointer|
|p_ZZN4nnet22compute_pool_buffer_2dINS_5arrayI8ap_fixedILi8ELi1EL9ap_q_mode4EL9ap_54_i         |   in|    8|     ap_ovld|  p_ZZN4nnet22compute_pool_buffer_2dINS_5arrayI8ap_fixedILi8ELi1EL9ap_q_mode4EL9ap_54|       pointer|
|p_ZZN4nnet22compute_pool_buffer_2dINS_5arrayI8ap_fixedILi8ELi1EL9ap_q_mode4EL9ap_54_o         |  out|    8|     ap_ovld|  p_ZZN4nnet22compute_pool_buffer_2dINS_5arrayI8ap_fixedILi8ELi1EL9ap_q_mode4EL9ap_54|       pointer|
|p_ZZN4nnet22compute_pool_buffer_2dINS_5arrayI8ap_fixedILi8ELi1EL9ap_q_mode4EL9ap_54_o_ap_vld  |  out|    1|     ap_ovld|  p_ZZN4nnet22compute_pool_buffer_2dINS_5arrayI8ap_fixedILi8ELi1EL9ap_q_mode4EL9ap_54|       pointer|
|void_compute_pool_buffer_2d_array_const_ap_shift_reg_n_filt_stream_kernel_12                  |  out|    8|      ap_vld|         void_compute_pool_buffer_2d_array_const_ap_shift_reg_n_filt_stream_kernel_12|       pointer|
|void_compute_pool_buffer_2d_array_const_ap_shift_reg_n_filt_stream_kernel_12_ap_vld           |  out|    1|      ap_vld|         void_compute_pool_buffer_2d_array_const_ap_shift_reg_n_filt_stream_kernel_12|       pointer|
|p_ZZN4nnet22compute_pool_buffer_2dINS_5arrayI8ap_fixedILi8ELi1EL9ap_q_mode4EL9ap_53_i         |   in|    8|     ap_ovld|  p_ZZN4nnet22compute_pool_buffer_2dINS_5arrayI8ap_fixedILi8ELi1EL9ap_q_mode4EL9ap_53|       pointer|
|p_ZZN4nnet22compute_pool_buffer_2dINS_5arrayI8ap_fixedILi8ELi1EL9ap_q_mode4EL9ap_53_o         |  out|    8|     ap_ovld|  p_ZZN4nnet22compute_pool_buffer_2dINS_5arrayI8ap_fixedILi8ELi1EL9ap_q_mode4EL9ap_53|       pointer|
|p_ZZN4nnet22compute_pool_buffer_2dINS_5arrayI8ap_fixedILi8ELi1EL9ap_q_mode4EL9ap_53_o_ap_vld  |  out|    1|     ap_ovld|  p_ZZN4nnet22compute_pool_buffer_2dINS_5arrayI8ap_fixedILi8ELi1EL9ap_q_mode4EL9ap_53|       pointer|
|void_compute_pool_buffer_2d_array_const_ap_shift_reg_n_filt_stream_kernel_11                  |  out|    8|      ap_vld|         void_compute_pool_buffer_2d_array_const_ap_shift_reg_n_filt_stream_kernel_11|       pointer|
|void_compute_pool_buffer_2d_array_const_ap_shift_reg_n_filt_stream_kernel_11_ap_vld           |  out|    1|      ap_vld|         void_compute_pool_buffer_2d_array_const_ap_shift_reg_n_filt_stream_kernel_11|       pointer|
|p_ZZN4nnet22compute_pool_buffer_2dINS_5arrayI8ap_fixedILi8ELi1EL9ap_q_mode4EL9ap_52_i         |   in|    8|     ap_ovld|  p_ZZN4nnet22compute_pool_buffer_2dINS_5arrayI8ap_fixedILi8ELi1EL9ap_q_mode4EL9ap_52|       pointer|
|p_ZZN4nnet22compute_pool_buffer_2dINS_5arrayI8ap_fixedILi8ELi1EL9ap_q_mode4EL9ap_52_o         |  out|    8|     ap_ovld|  p_ZZN4nnet22compute_pool_buffer_2dINS_5arrayI8ap_fixedILi8ELi1EL9ap_q_mode4EL9ap_52|       pointer|
|p_ZZN4nnet22compute_pool_buffer_2dINS_5arrayI8ap_fixedILi8ELi1EL9ap_q_mode4EL9ap_52_o_ap_vld  |  out|    1|     ap_ovld|  p_ZZN4nnet22compute_pool_buffer_2dINS_5arrayI8ap_fixedILi8ELi1EL9ap_q_mode4EL9ap_52|       pointer|
|void_compute_pool_buffer_2d_array_const_ap_shift_reg_n_filt_stream_kernel_10                  |  out|    8|      ap_vld|         void_compute_pool_buffer_2d_array_const_ap_shift_reg_n_filt_stream_kernel_10|       pointer|
|void_compute_pool_buffer_2d_array_const_ap_shift_reg_n_filt_stream_kernel_10_ap_vld           |  out|    1|      ap_vld|         void_compute_pool_buffer_2d_array_const_ap_shift_reg_n_filt_stream_kernel_10|       pointer|
|p_ZZN4nnet22compute_pool_buffer_2dINS_5arrayI8ap_fixedILi8ELi1EL9ap_q_mode4EL9ap_51_i         |   in|    8|     ap_ovld|  p_ZZN4nnet22compute_pool_buffer_2dINS_5arrayI8ap_fixedILi8ELi1EL9ap_q_mode4EL9ap_51|       pointer|
|p_ZZN4nnet22compute_pool_buffer_2dINS_5arrayI8ap_fixedILi8ELi1EL9ap_q_mode4EL9ap_51_o         |  out|    8|     ap_ovld|  p_ZZN4nnet22compute_pool_buffer_2dINS_5arrayI8ap_fixedILi8ELi1EL9ap_q_mode4EL9ap_51|       pointer|
|p_ZZN4nnet22compute_pool_buffer_2dINS_5arrayI8ap_fixedILi8ELi1EL9ap_q_mode4EL9ap_51_o_ap_vld  |  out|    1|     ap_ovld|  p_ZZN4nnet22compute_pool_buffer_2dINS_5arrayI8ap_fixedILi8ELi1EL9ap_q_mode4EL9ap_51|       pointer|
|p_ZZN4nnet22compute_pool_buffer_2dINS_5arrayI8ap_fixedILi8ELi1EL9ap_q_mode4EL9ap_67           |  out|    8|      ap_vld|  p_ZZN4nnet22compute_pool_buffer_2dINS_5arrayI8ap_fixedILi8ELi1EL9ap_q_mode4EL9ap_67|       pointer|
|p_ZZN4nnet22compute_pool_buffer_2dINS_5arrayI8ap_fixedILi8ELi1EL9ap_q_mode4EL9ap_67_ap_vld    |  out|    1|      ap_vld|  p_ZZN4nnet22compute_pool_buffer_2dINS_5arrayI8ap_fixedILi8ELi1EL9ap_q_mode4EL9ap_67|       pointer|
|p_ZZN4nnet22compute_pool_buffer_2dINS_5arrayI8ap_fixedILi8ELi1EL9ap_q_mode4EL9ap_50_i         |   in|    8|     ap_ovld|  p_ZZN4nnet22compute_pool_buffer_2dINS_5arrayI8ap_fixedILi8ELi1EL9ap_q_mode4EL9ap_50|       pointer|
|p_ZZN4nnet22compute_pool_buffer_2dINS_5arrayI8ap_fixedILi8ELi1EL9ap_q_mode4EL9ap_50_o         |  out|    8|     ap_ovld|  p_ZZN4nnet22compute_pool_buffer_2dINS_5arrayI8ap_fixedILi8ELi1EL9ap_q_mode4EL9ap_50|       pointer|
|p_ZZN4nnet22compute_pool_buffer_2dINS_5arrayI8ap_fixedILi8ELi1EL9ap_q_mode4EL9ap_50_o_ap_vld  |  out|    1|     ap_ovld|  p_ZZN4nnet22compute_pool_buffer_2dINS_5arrayI8ap_fixedILi8ELi1EL9ap_q_mode4EL9ap_50|       pointer|
|p_ZZN4nnet22compute_pool_buffer_2dINS_5arrayI8ap_fixedILi8ELi1EL9ap_q_mode4EL9ap_66           |  out|    8|      ap_vld|  p_ZZN4nnet22compute_pool_buffer_2dINS_5arrayI8ap_fixedILi8ELi1EL9ap_q_mode4EL9ap_66|       pointer|
|p_ZZN4nnet22compute_pool_buffer_2dINS_5arrayI8ap_fixedILi8ELi1EL9ap_q_mode4EL9ap_66_ap_vld    |  out|    1|      ap_vld|  p_ZZN4nnet22compute_pool_buffer_2dINS_5arrayI8ap_fixedILi8ELi1EL9ap_q_mode4EL9ap_66|       pointer|
|p_ZZN4nnet22compute_pool_buffer_2dINS_5arrayI8ap_fixedILi8ELi1EL9ap_q_mode4EL9ap_49_i         |   in|    8|     ap_ovld|  p_ZZN4nnet22compute_pool_buffer_2dINS_5arrayI8ap_fixedILi8ELi1EL9ap_q_mode4EL9ap_49|       pointer|
|p_ZZN4nnet22compute_pool_buffer_2dINS_5arrayI8ap_fixedILi8ELi1EL9ap_q_mode4EL9ap_49_o         |  out|    8|     ap_ovld|  p_ZZN4nnet22compute_pool_buffer_2dINS_5arrayI8ap_fixedILi8ELi1EL9ap_q_mode4EL9ap_49|       pointer|
|p_ZZN4nnet22compute_pool_buffer_2dINS_5arrayI8ap_fixedILi8ELi1EL9ap_q_mode4EL9ap_49_o_ap_vld  |  out|    1|     ap_ovld|  p_ZZN4nnet22compute_pool_buffer_2dINS_5arrayI8ap_fixedILi8ELi1EL9ap_q_mode4EL9ap_49|       pointer|
|p_ZZN4nnet22compute_pool_buffer_2dINS_5arrayI8ap_fixedILi8ELi1EL9ap_q_mode4EL9ap_65           |  out|    8|      ap_vld|  p_ZZN4nnet22compute_pool_buffer_2dINS_5arrayI8ap_fixedILi8ELi1EL9ap_q_mode4EL9ap_65|       pointer|
|p_ZZN4nnet22compute_pool_buffer_2dINS_5arrayI8ap_fixedILi8ELi1EL9ap_q_mode4EL9ap_65_ap_vld    |  out|    1|      ap_vld|  p_ZZN4nnet22compute_pool_buffer_2dINS_5arrayI8ap_fixedILi8ELi1EL9ap_q_mode4EL9ap_65|       pointer|
|p_ZZN4nnet22compute_pool_buffer_2dINS_5arrayI8ap_fixedILi8ELi1EL9ap_q_mode4EL9ap_48_i         |   in|    8|     ap_ovld|  p_ZZN4nnet22compute_pool_buffer_2dINS_5arrayI8ap_fixedILi8ELi1EL9ap_q_mode4EL9ap_48|       pointer|
|p_ZZN4nnet22compute_pool_buffer_2dINS_5arrayI8ap_fixedILi8ELi1EL9ap_q_mode4EL9ap_48_o         |  out|    8|     ap_ovld|  p_ZZN4nnet22compute_pool_buffer_2dINS_5arrayI8ap_fixedILi8ELi1EL9ap_q_mode4EL9ap_48|       pointer|
|p_ZZN4nnet22compute_pool_buffer_2dINS_5arrayI8ap_fixedILi8ELi1EL9ap_q_mode4EL9ap_48_o_ap_vld  |  out|    1|     ap_ovld|  p_ZZN4nnet22compute_pool_buffer_2dINS_5arrayI8ap_fixedILi8ELi1EL9ap_q_mode4EL9ap_48|       pointer|
|p_ZZN4nnet22compute_pool_buffer_2dINS_5arrayI8ap_fixedILi8ELi1EL9ap_q_mode4EL9ap_64           |  out|    8|      ap_vld|  p_ZZN4nnet22compute_pool_buffer_2dINS_5arrayI8ap_fixedILi8ELi1EL9ap_q_mode4EL9ap_64|       pointer|
|p_ZZN4nnet22compute_pool_buffer_2dINS_5arrayI8ap_fixedILi8ELi1EL9ap_q_mode4EL9ap_64_ap_vld    |  out|    1|      ap_vld|  p_ZZN4nnet22compute_pool_buffer_2dINS_5arrayI8ap_fixedILi8ELi1EL9ap_q_mode4EL9ap_64|       pointer|
|p_ZZN4nnet22compute_pool_buffer_2dINS_5arrayI8ap_fixedILi8ELi1EL9ap_q_mode4EL9ap_47_i         |   in|    8|     ap_ovld|  p_ZZN4nnet22compute_pool_buffer_2dINS_5arrayI8ap_fixedILi8ELi1EL9ap_q_mode4EL9ap_47|       pointer|
|p_ZZN4nnet22compute_pool_buffer_2dINS_5arrayI8ap_fixedILi8ELi1EL9ap_q_mode4EL9ap_47_o         |  out|    8|     ap_ovld|  p_ZZN4nnet22compute_pool_buffer_2dINS_5arrayI8ap_fixedILi8ELi1EL9ap_q_mode4EL9ap_47|       pointer|
|p_ZZN4nnet22compute_pool_buffer_2dINS_5arrayI8ap_fixedILi8ELi1EL9ap_q_mode4EL9ap_47_o_ap_vld  |  out|    1|     ap_ovld|  p_ZZN4nnet22compute_pool_buffer_2dINS_5arrayI8ap_fixedILi8ELi1EL9ap_q_mode4EL9ap_47|       pointer|
|p_ZZN4nnet22compute_pool_buffer_2dINS_5arrayI8ap_fixedILi8ELi1EL9ap_q_mode4EL9ap_63           |  out|    8|      ap_vld|  p_ZZN4nnet22compute_pool_buffer_2dINS_5arrayI8ap_fixedILi8ELi1EL9ap_q_mode4EL9ap_63|       pointer|
|p_ZZN4nnet22compute_pool_buffer_2dINS_5arrayI8ap_fixedILi8ELi1EL9ap_q_mode4EL9ap_63_ap_vld    |  out|    1|      ap_vld|  p_ZZN4nnet22compute_pool_buffer_2dINS_5arrayI8ap_fixedILi8ELi1EL9ap_q_mode4EL9ap_63|       pointer|
|p_ZZN4nnet22compute_pool_buffer_2dINS_5arrayI8ap_fixedILi8ELi1EL9ap_q_mode4EL9ap_46_i         |   in|    8|     ap_ovld|  p_ZZN4nnet22compute_pool_buffer_2dINS_5arrayI8ap_fixedILi8ELi1EL9ap_q_mode4EL9ap_46|       pointer|
|p_ZZN4nnet22compute_pool_buffer_2dINS_5arrayI8ap_fixedILi8ELi1EL9ap_q_mode4EL9ap_46_o         |  out|    8|     ap_ovld|  p_ZZN4nnet22compute_pool_buffer_2dINS_5arrayI8ap_fixedILi8ELi1EL9ap_q_mode4EL9ap_46|       pointer|
|p_ZZN4nnet22compute_pool_buffer_2dINS_5arrayI8ap_fixedILi8ELi1EL9ap_q_mode4EL9ap_46_o_ap_vld  |  out|    1|     ap_ovld|  p_ZZN4nnet22compute_pool_buffer_2dINS_5arrayI8ap_fixedILi8ELi1EL9ap_q_mode4EL9ap_46|       pointer|
|p_ZZN4nnet22compute_pool_buffer_2dINS_5arrayI8ap_fixedILi8ELi1EL9ap_q_mode4EL9ap_62           |  out|    8|      ap_vld|  p_ZZN4nnet22compute_pool_buffer_2dINS_5arrayI8ap_fixedILi8ELi1EL9ap_q_mode4EL9ap_62|       pointer|
|p_ZZN4nnet22compute_pool_buffer_2dINS_5arrayI8ap_fixedILi8ELi1EL9ap_q_mode4EL9ap_62_ap_vld    |  out|    1|      ap_vld|  p_ZZN4nnet22compute_pool_buffer_2dINS_5arrayI8ap_fixedILi8ELi1EL9ap_q_mode4EL9ap_62|       pointer|
|p_ZZN4nnet22compute_pool_buffer_2dINS_5arrayI8ap_fixedILi8ELi1EL9ap_q_mode4EL9ap_29_i         |   in|    8|     ap_ovld|  p_ZZN4nnet22compute_pool_buffer_2dINS_5arrayI8ap_fixedILi8ELi1EL9ap_q_mode4EL9ap_29|       pointer|
|p_ZZN4nnet22compute_pool_buffer_2dINS_5arrayI8ap_fixedILi8ELi1EL9ap_q_mode4EL9ap_29_o         |  out|    8|     ap_ovld|  p_ZZN4nnet22compute_pool_buffer_2dINS_5arrayI8ap_fixedILi8ELi1EL9ap_q_mode4EL9ap_29|       pointer|
|p_ZZN4nnet22compute_pool_buffer_2dINS_5arrayI8ap_fixedILi8ELi1EL9ap_q_mode4EL9ap_29_o_ap_vld  |  out|    1|     ap_ovld|  p_ZZN4nnet22compute_pool_buffer_2dINS_5arrayI8ap_fixedILi8ELi1EL9ap_q_mode4EL9ap_29|       pointer|
|p_ZZN4nnet22compute_pool_buffer_2dINS_5arrayI8ap_fixedILi8ELi1EL9ap_q_mode4EL9ap_45           |  out|    8|      ap_vld|  p_ZZN4nnet22compute_pool_buffer_2dINS_5arrayI8ap_fixedILi8ELi1EL9ap_q_mode4EL9ap_45|       pointer|
|p_ZZN4nnet22compute_pool_buffer_2dINS_5arrayI8ap_fixedILi8ELi1EL9ap_q_mode4EL9ap_45_ap_vld    |  out|    1|      ap_vld|  p_ZZN4nnet22compute_pool_buffer_2dINS_5arrayI8ap_fixedILi8ELi1EL9ap_q_mode4EL9ap_45|       pointer|
|p_ZZN4nnet22compute_pool_buffer_2dINS_5arrayI8ap_fixedILi8ELi1EL9ap_q_mode4EL9ap_28_i         |   in|    8|     ap_ovld|  p_ZZN4nnet22compute_pool_buffer_2dINS_5arrayI8ap_fixedILi8ELi1EL9ap_q_mode4EL9ap_28|       pointer|
|p_ZZN4nnet22compute_pool_buffer_2dINS_5arrayI8ap_fixedILi8ELi1EL9ap_q_mode4EL9ap_28_o         |  out|    8|     ap_ovld|  p_ZZN4nnet22compute_pool_buffer_2dINS_5arrayI8ap_fixedILi8ELi1EL9ap_q_mode4EL9ap_28|       pointer|
|p_ZZN4nnet22compute_pool_buffer_2dINS_5arrayI8ap_fixedILi8ELi1EL9ap_q_mode4EL9ap_28_o_ap_vld  |  out|    1|     ap_ovld|  p_ZZN4nnet22compute_pool_buffer_2dINS_5arrayI8ap_fixedILi8ELi1EL9ap_q_mode4EL9ap_28|       pointer|
|p_ZZN4nnet22compute_pool_buffer_2dINS_5arrayI8ap_fixedILi8ELi1EL9ap_q_mode4EL9ap_44           |  out|    8|      ap_vld|  p_ZZN4nnet22compute_pool_buffer_2dINS_5arrayI8ap_fixedILi8ELi1EL9ap_q_mode4EL9ap_44|       pointer|
|p_ZZN4nnet22compute_pool_buffer_2dINS_5arrayI8ap_fixedILi8ELi1EL9ap_q_mode4EL9ap_44_ap_vld    |  out|    1|      ap_vld|  p_ZZN4nnet22compute_pool_buffer_2dINS_5arrayI8ap_fixedILi8ELi1EL9ap_q_mode4EL9ap_44|       pointer|
|p_ZZN4nnet22compute_pool_buffer_2dINS_5arrayI8ap_fixedILi8ELi1EL9ap_q_mode4EL9ap_27_i         |   in|    8|     ap_ovld|  p_ZZN4nnet22compute_pool_buffer_2dINS_5arrayI8ap_fixedILi8ELi1EL9ap_q_mode4EL9ap_27|       pointer|
|p_ZZN4nnet22compute_pool_buffer_2dINS_5arrayI8ap_fixedILi8ELi1EL9ap_q_mode4EL9ap_27_o         |  out|    8|     ap_ovld|  p_ZZN4nnet22compute_pool_buffer_2dINS_5arrayI8ap_fixedILi8ELi1EL9ap_q_mode4EL9ap_27|       pointer|
|p_ZZN4nnet22compute_pool_buffer_2dINS_5arrayI8ap_fixedILi8ELi1EL9ap_q_mode4EL9ap_27_o_ap_vld  |  out|    1|     ap_ovld|  p_ZZN4nnet22compute_pool_buffer_2dINS_5arrayI8ap_fixedILi8ELi1EL9ap_q_mode4EL9ap_27|       pointer|
|p_ZZN4nnet22compute_pool_buffer_2dINS_5arrayI8ap_fixedILi8ELi1EL9ap_q_mode4EL9ap_43           |  out|    8|      ap_vld|  p_ZZN4nnet22compute_pool_buffer_2dINS_5arrayI8ap_fixedILi8ELi1EL9ap_q_mode4EL9ap_43|       pointer|
|p_ZZN4nnet22compute_pool_buffer_2dINS_5arrayI8ap_fixedILi8ELi1EL9ap_q_mode4EL9ap_43_ap_vld    |  out|    1|      ap_vld|  p_ZZN4nnet22compute_pool_buffer_2dINS_5arrayI8ap_fixedILi8ELi1EL9ap_q_mode4EL9ap_43|       pointer|
|p_ZZN4nnet22compute_pool_buffer_2dINS_5arrayI8ap_fixedILi8ELi1EL9ap_q_mode4EL9ap_26_i         |   in|    8|     ap_ovld|  p_ZZN4nnet22compute_pool_buffer_2dINS_5arrayI8ap_fixedILi8ELi1EL9ap_q_mode4EL9ap_26|       pointer|
|p_ZZN4nnet22compute_pool_buffer_2dINS_5arrayI8ap_fixedILi8ELi1EL9ap_q_mode4EL9ap_26_o         |  out|    8|     ap_ovld|  p_ZZN4nnet22compute_pool_buffer_2dINS_5arrayI8ap_fixedILi8ELi1EL9ap_q_mode4EL9ap_26|       pointer|
|p_ZZN4nnet22compute_pool_buffer_2dINS_5arrayI8ap_fixedILi8ELi1EL9ap_q_mode4EL9ap_26_o_ap_vld  |  out|    1|     ap_ovld|  p_ZZN4nnet22compute_pool_buffer_2dINS_5arrayI8ap_fixedILi8ELi1EL9ap_q_mode4EL9ap_26|       pointer|
|p_ZZN4nnet22compute_pool_buffer_2dINS_5arrayI8ap_fixedILi8ELi1EL9ap_q_mode4EL9ap_42           |  out|    8|      ap_vld|  p_ZZN4nnet22compute_pool_buffer_2dINS_5arrayI8ap_fixedILi8ELi1EL9ap_q_mode4EL9ap_42|       pointer|
|p_ZZN4nnet22compute_pool_buffer_2dINS_5arrayI8ap_fixedILi8ELi1EL9ap_q_mode4EL9ap_42_ap_vld    |  out|    1|      ap_vld|  p_ZZN4nnet22compute_pool_buffer_2dINS_5arrayI8ap_fixedILi8ELi1EL9ap_q_mode4EL9ap_42|       pointer|
|p_ZZN4nnet22compute_pool_buffer_2dINS_5arrayI8ap_fixedILi8ELi1EL9ap_q_mode4EL9ap_25_i         |   in|    8|     ap_ovld|  p_ZZN4nnet22compute_pool_buffer_2dINS_5arrayI8ap_fixedILi8ELi1EL9ap_q_mode4EL9ap_25|       pointer|
|p_ZZN4nnet22compute_pool_buffer_2dINS_5arrayI8ap_fixedILi8ELi1EL9ap_q_mode4EL9ap_25_o         |  out|    8|     ap_ovld|  p_ZZN4nnet22compute_pool_buffer_2dINS_5arrayI8ap_fixedILi8ELi1EL9ap_q_mode4EL9ap_25|       pointer|
|p_ZZN4nnet22compute_pool_buffer_2dINS_5arrayI8ap_fixedILi8ELi1EL9ap_q_mode4EL9ap_25_o_ap_vld  |  out|    1|     ap_ovld|  p_ZZN4nnet22compute_pool_buffer_2dINS_5arrayI8ap_fixedILi8ELi1EL9ap_q_mode4EL9ap_25|       pointer|
|p_ZZN4nnet22compute_pool_buffer_2dINS_5arrayI8ap_fixedILi8ELi1EL9ap_q_mode4EL9ap_41           |  out|    8|      ap_vld|  p_ZZN4nnet22compute_pool_buffer_2dINS_5arrayI8ap_fixedILi8ELi1EL9ap_q_mode4EL9ap_41|       pointer|
|p_ZZN4nnet22compute_pool_buffer_2dINS_5arrayI8ap_fixedILi8ELi1EL9ap_q_mode4EL9ap_41_ap_vld    |  out|    1|      ap_vld|  p_ZZN4nnet22compute_pool_buffer_2dINS_5arrayI8ap_fixedILi8ELi1EL9ap_q_mode4EL9ap_41|       pointer|
|p_ZZN4nnet22compute_pool_buffer_2dINS_5arrayI8ap_fixedILi8ELi1EL9ap_q_mode4EL9ap_24_i         |   in|    8|     ap_ovld|  p_ZZN4nnet22compute_pool_buffer_2dINS_5arrayI8ap_fixedILi8ELi1EL9ap_q_mode4EL9ap_24|       pointer|
|p_ZZN4nnet22compute_pool_buffer_2dINS_5arrayI8ap_fixedILi8ELi1EL9ap_q_mode4EL9ap_24_o         |  out|    8|     ap_ovld|  p_ZZN4nnet22compute_pool_buffer_2dINS_5arrayI8ap_fixedILi8ELi1EL9ap_q_mode4EL9ap_24|       pointer|
|p_ZZN4nnet22compute_pool_buffer_2dINS_5arrayI8ap_fixedILi8ELi1EL9ap_q_mode4EL9ap_24_o_ap_vld  |  out|    1|     ap_ovld|  p_ZZN4nnet22compute_pool_buffer_2dINS_5arrayI8ap_fixedILi8ELi1EL9ap_q_mode4EL9ap_24|       pointer|
|p_ZZN4nnet22compute_pool_buffer_2dINS_5arrayI8ap_fixedILi8ELi1EL9ap_q_mode4EL9ap_40           |  out|    8|      ap_vld|  p_ZZN4nnet22compute_pool_buffer_2dINS_5arrayI8ap_fixedILi8ELi1EL9ap_q_mode4EL9ap_40|       pointer|
|p_ZZN4nnet22compute_pool_buffer_2dINS_5arrayI8ap_fixedILi8ELi1EL9ap_q_mode4EL9ap_40_ap_vld    |  out|    1|      ap_vld|  p_ZZN4nnet22compute_pool_buffer_2dINS_5arrayI8ap_fixedILi8ELi1EL9ap_q_mode4EL9ap_40|       pointer|
|p_ZZN4nnet22compute_pool_buffer_2dINS_5arrayI8ap_fixedILi8ELi1EL9ap_q_mode4EL9ap_23_i         |   in|    8|     ap_ovld|  p_ZZN4nnet22compute_pool_buffer_2dINS_5arrayI8ap_fixedILi8ELi1EL9ap_q_mode4EL9ap_23|       pointer|
|p_ZZN4nnet22compute_pool_buffer_2dINS_5arrayI8ap_fixedILi8ELi1EL9ap_q_mode4EL9ap_23_o         |  out|    8|     ap_ovld|  p_ZZN4nnet22compute_pool_buffer_2dINS_5arrayI8ap_fixedILi8ELi1EL9ap_q_mode4EL9ap_23|       pointer|
|p_ZZN4nnet22compute_pool_buffer_2dINS_5arrayI8ap_fixedILi8ELi1EL9ap_q_mode4EL9ap_23_o_ap_vld  |  out|    1|     ap_ovld|  p_ZZN4nnet22compute_pool_buffer_2dINS_5arrayI8ap_fixedILi8ELi1EL9ap_q_mode4EL9ap_23|       pointer|
|p_ZZN4nnet22compute_pool_buffer_2dINS_5arrayI8ap_fixedILi8ELi1EL9ap_q_mode4EL9ap_39           |  out|    8|      ap_vld|  p_ZZN4nnet22compute_pool_buffer_2dINS_5arrayI8ap_fixedILi8ELi1EL9ap_q_mode4EL9ap_39|       pointer|
|p_ZZN4nnet22compute_pool_buffer_2dINS_5arrayI8ap_fixedILi8ELi1EL9ap_q_mode4EL9ap_39_ap_vld    |  out|    1|      ap_vld|  p_ZZN4nnet22compute_pool_buffer_2dINS_5arrayI8ap_fixedILi8ELi1EL9ap_q_mode4EL9ap_39|       pointer|
|p_ZZN4nnet22compute_pool_buffer_2dINS_5arrayI8ap_fixedILi8ELi1EL9ap_q_mode4EL9ap_22_i         |   in|    8|     ap_ovld|  p_ZZN4nnet22compute_pool_buffer_2dINS_5arrayI8ap_fixedILi8ELi1EL9ap_q_mode4EL9ap_22|       pointer|
|p_ZZN4nnet22compute_pool_buffer_2dINS_5arrayI8ap_fixedILi8ELi1EL9ap_q_mode4EL9ap_22_o         |  out|    8|     ap_ovld|  p_ZZN4nnet22compute_pool_buffer_2dINS_5arrayI8ap_fixedILi8ELi1EL9ap_q_mode4EL9ap_22|       pointer|
|p_ZZN4nnet22compute_pool_buffer_2dINS_5arrayI8ap_fixedILi8ELi1EL9ap_q_mode4EL9ap_22_o_ap_vld  |  out|    1|     ap_ovld|  p_ZZN4nnet22compute_pool_buffer_2dINS_5arrayI8ap_fixedILi8ELi1EL9ap_q_mode4EL9ap_22|       pointer|
|p_ZZN4nnet22compute_pool_buffer_2dINS_5arrayI8ap_fixedILi8ELi1EL9ap_q_mode4EL9ap_38           |  out|    8|      ap_vld|  p_ZZN4nnet22compute_pool_buffer_2dINS_5arrayI8ap_fixedILi8ELi1EL9ap_q_mode4EL9ap_38|       pointer|
|p_ZZN4nnet22compute_pool_buffer_2dINS_5arrayI8ap_fixedILi8ELi1EL9ap_q_mode4EL9ap_38_ap_vld    |  out|    1|      ap_vld|  p_ZZN4nnet22compute_pool_buffer_2dINS_5arrayI8ap_fixedILi8ELi1EL9ap_q_mode4EL9ap_38|       pointer|
|p_ZZN4nnet22compute_pool_buffer_2dINS_5arrayI8ap_fixedILi8ELi1EL9ap_q_mode4EL9ap_21_i         |   in|    8|     ap_ovld|  p_ZZN4nnet22compute_pool_buffer_2dINS_5arrayI8ap_fixedILi8ELi1EL9ap_q_mode4EL9ap_21|       pointer|
|p_ZZN4nnet22compute_pool_buffer_2dINS_5arrayI8ap_fixedILi8ELi1EL9ap_q_mode4EL9ap_21_o         |  out|    8|     ap_ovld|  p_ZZN4nnet22compute_pool_buffer_2dINS_5arrayI8ap_fixedILi8ELi1EL9ap_q_mode4EL9ap_21|       pointer|
|p_ZZN4nnet22compute_pool_buffer_2dINS_5arrayI8ap_fixedILi8ELi1EL9ap_q_mode4EL9ap_21_o_ap_vld  |  out|    1|     ap_ovld|  p_ZZN4nnet22compute_pool_buffer_2dINS_5arrayI8ap_fixedILi8ELi1EL9ap_q_mode4EL9ap_21|       pointer|
|p_ZZN4nnet22compute_pool_buffer_2dINS_5arrayI8ap_fixedILi8ELi1EL9ap_q_mode4EL9ap_37           |  out|    8|      ap_vld|  p_ZZN4nnet22compute_pool_buffer_2dINS_5arrayI8ap_fixedILi8ELi1EL9ap_q_mode4EL9ap_37|       pointer|
|p_ZZN4nnet22compute_pool_buffer_2dINS_5arrayI8ap_fixedILi8ELi1EL9ap_q_mode4EL9ap_37_ap_vld    |  out|    1|      ap_vld|  p_ZZN4nnet22compute_pool_buffer_2dINS_5arrayI8ap_fixedILi8ELi1EL9ap_q_mode4EL9ap_37|       pointer|
|p_ZZN4nnet22compute_pool_buffer_2dINS_5arrayI8ap_fixedILi8ELi1EL9ap_q_mode4EL9ap_20_i         |   in|    8|     ap_ovld|  p_ZZN4nnet22compute_pool_buffer_2dINS_5arrayI8ap_fixedILi8ELi1EL9ap_q_mode4EL9ap_20|       pointer|
|p_ZZN4nnet22compute_pool_buffer_2dINS_5arrayI8ap_fixedILi8ELi1EL9ap_q_mode4EL9ap_20_o         |  out|    8|     ap_ovld|  p_ZZN4nnet22compute_pool_buffer_2dINS_5arrayI8ap_fixedILi8ELi1EL9ap_q_mode4EL9ap_20|       pointer|
|p_ZZN4nnet22compute_pool_buffer_2dINS_5arrayI8ap_fixedILi8ELi1EL9ap_q_mode4EL9ap_20_o_ap_vld  |  out|    1|     ap_ovld|  p_ZZN4nnet22compute_pool_buffer_2dINS_5arrayI8ap_fixedILi8ELi1EL9ap_q_mode4EL9ap_20|       pointer|
|p_ZZN4nnet22compute_pool_buffer_2dINS_5arrayI8ap_fixedILi8ELi1EL9ap_q_mode4EL9ap_36           |  out|    8|      ap_vld|  p_ZZN4nnet22compute_pool_buffer_2dINS_5arrayI8ap_fixedILi8ELi1EL9ap_q_mode4EL9ap_36|       pointer|
|p_ZZN4nnet22compute_pool_buffer_2dINS_5arrayI8ap_fixedILi8ELi1EL9ap_q_mode4EL9ap_36_ap_vld    |  out|    1|      ap_vld|  p_ZZN4nnet22compute_pool_buffer_2dINS_5arrayI8ap_fixedILi8ELi1EL9ap_q_mode4EL9ap_36|       pointer|
|p_ZZN4nnet22compute_pool_buffer_2dINS_5arrayI8ap_fixedILi8ELi1EL9ap_q_mode4EL9ap_19_i         |   in|    8|     ap_ovld|  p_ZZN4nnet22compute_pool_buffer_2dINS_5arrayI8ap_fixedILi8ELi1EL9ap_q_mode4EL9ap_19|       pointer|
|p_ZZN4nnet22compute_pool_buffer_2dINS_5arrayI8ap_fixedILi8ELi1EL9ap_q_mode4EL9ap_19_o         |  out|    8|     ap_ovld|  p_ZZN4nnet22compute_pool_buffer_2dINS_5arrayI8ap_fixedILi8ELi1EL9ap_q_mode4EL9ap_19|       pointer|
|p_ZZN4nnet22compute_pool_buffer_2dINS_5arrayI8ap_fixedILi8ELi1EL9ap_q_mode4EL9ap_19_o_ap_vld  |  out|    1|     ap_ovld|  p_ZZN4nnet22compute_pool_buffer_2dINS_5arrayI8ap_fixedILi8ELi1EL9ap_q_mode4EL9ap_19|       pointer|
|p_ZZN4nnet22compute_pool_buffer_2dINS_5arrayI8ap_fixedILi8ELi1EL9ap_q_mode4EL9ap_35           |  out|    8|      ap_vld|  p_ZZN4nnet22compute_pool_buffer_2dINS_5arrayI8ap_fixedILi8ELi1EL9ap_q_mode4EL9ap_35|       pointer|
|p_ZZN4nnet22compute_pool_buffer_2dINS_5arrayI8ap_fixedILi8ELi1EL9ap_q_mode4EL9ap_35_ap_vld    |  out|    1|      ap_vld|  p_ZZN4nnet22compute_pool_buffer_2dINS_5arrayI8ap_fixedILi8ELi1EL9ap_q_mode4EL9ap_35|       pointer|
|p_ZZN4nnet22compute_pool_buffer_2dINS_5arrayI8ap_fixedILi8ELi1EL9ap_q_mode4EL9ap_18_i         |   in|    8|     ap_ovld|  p_ZZN4nnet22compute_pool_buffer_2dINS_5arrayI8ap_fixedILi8ELi1EL9ap_q_mode4EL9ap_18|       pointer|
|p_ZZN4nnet22compute_pool_buffer_2dINS_5arrayI8ap_fixedILi8ELi1EL9ap_q_mode4EL9ap_18_o         |  out|    8|     ap_ovld|  p_ZZN4nnet22compute_pool_buffer_2dINS_5arrayI8ap_fixedILi8ELi1EL9ap_q_mode4EL9ap_18|       pointer|
|p_ZZN4nnet22compute_pool_buffer_2dINS_5arrayI8ap_fixedILi8ELi1EL9ap_q_mode4EL9ap_18_o_ap_vld  |  out|    1|     ap_ovld|  p_ZZN4nnet22compute_pool_buffer_2dINS_5arrayI8ap_fixedILi8ELi1EL9ap_q_mode4EL9ap_18|       pointer|
|p_ZZN4nnet22compute_pool_buffer_2dINS_5arrayI8ap_fixedILi8ELi1EL9ap_q_mode4EL9ap_34           |  out|    8|      ap_vld|  p_ZZN4nnet22compute_pool_buffer_2dINS_5arrayI8ap_fixedILi8ELi1EL9ap_q_mode4EL9ap_34|       pointer|
|p_ZZN4nnet22compute_pool_buffer_2dINS_5arrayI8ap_fixedILi8ELi1EL9ap_q_mode4EL9ap_34_ap_vld    |  out|    1|      ap_vld|  p_ZZN4nnet22compute_pool_buffer_2dINS_5arrayI8ap_fixedILi8ELi1EL9ap_q_mode4EL9ap_34|       pointer|
|p_ZZN4nnet22compute_pool_buffer_2dINS_5arrayI8ap_fixedILi8ELi1EL9ap_q_mode4EL9ap_17_i         |   in|    8|     ap_ovld|  p_ZZN4nnet22compute_pool_buffer_2dINS_5arrayI8ap_fixedILi8ELi1EL9ap_q_mode4EL9ap_17|       pointer|
|p_ZZN4nnet22compute_pool_buffer_2dINS_5arrayI8ap_fixedILi8ELi1EL9ap_q_mode4EL9ap_17_o         |  out|    8|     ap_ovld|  p_ZZN4nnet22compute_pool_buffer_2dINS_5arrayI8ap_fixedILi8ELi1EL9ap_q_mode4EL9ap_17|       pointer|
|p_ZZN4nnet22compute_pool_buffer_2dINS_5arrayI8ap_fixedILi8ELi1EL9ap_q_mode4EL9ap_17_o_ap_vld  |  out|    1|     ap_ovld|  p_ZZN4nnet22compute_pool_buffer_2dINS_5arrayI8ap_fixedILi8ELi1EL9ap_q_mode4EL9ap_17|       pointer|
|p_ZZN4nnet22compute_pool_buffer_2dINS_5arrayI8ap_fixedILi8ELi1EL9ap_q_mode4EL9ap_33           |  out|    8|      ap_vld|  p_ZZN4nnet22compute_pool_buffer_2dINS_5arrayI8ap_fixedILi8ELi1EL9ap_q_mode4EL9ap_33|       pointer|
|p_ZZN4nnet22compute_pool_buffer_2dINS_5arrayI8ap_fixedILi8ELi1EL9ap_q_mode4EL9ap_33_ap_vld    |  out|    1|      ap_vld|  p_ZZN4nnet22compute_pool_buffer_2dINS_5arrayI8ap_fixedILi8ELi1EL9ap_q_mode4EL9ap_33|       pointer|
|p_ZZN4nnet22compute_pool_buffer_2dINS_5arrayI8ap_fixedILi8ELi1EL9ap_q_mode4EL9ap_16_i         |   in|    8|     ap_ovld|  p_ZZN4nnet22compute_pool_buffer_2dINS_5arrayI8ap_fixedILi8ELi1EL9ap_q_mode4EL9ap_16|       pointer|
|p_ZZN4nnet22compute_pool_buffer_2dINS_5arrayI8ap_fixedILi8ELi1EL9ap_q_mode4EL9ap_16_o         |  out|    8|     ap_ovld|  p_ZZN4nnet22compute_pool_buffer_2dINS_5arrayI8ap_fixedILi8ELi1EL9ap_q_mode4EL9ap_16|       pointer|
|p_ZZN4nnet22compute_pool_buffer_2dINS_5arrayI8ap_fixedILi8ELi1EL9ap_q_mode4EL9ap_16_o_ap_vld  |  out|    1|     ap_ovld|  p_ZZN4nnet22compute_pool_buffer_2dINS_5arrayI8ap_fixedILi8ELi1EL9ap_q_mode4EL9ap_16|       pointer|
|p_ZZN4nnet22compute_pool_buffer_2dINS_5arrayI8ap_fixedILi8ELi1EL9ap_q_mode4EL9ap_32           |  out|    8|      ap_vld|  p_ZZN4nnet22compute_pool_buffer_2dINS_5arrayI8ap_fixedILi8ELi1EL9ap_q_mode4EL9ap_32|       pointer|
|p_ZZN4nnet22compute_pool_buffer_2dINS_5arrayI8ap_fixedILi8ELi1EL9ap_q_mode4EL9ap_32_ap_vld    |  out|    1|      ap_vld|  p_ZZN4nnet22compute_pool_buffer_2dINS_5arrayI8ap_fixedILi8ELi1EL9ap_q_mode4EL9ap_32|       pointer|
|p_ZZN4nnet22compute_pool_buffer_2dINS_5arrayI8ap_fixedILi8ELi1EL9ap_q_mode4EL9ap_15_i         |   in|    8|     ap_ovld|  p_ZZN4nnet22compute_pool_buffer_2dINS_5arrayI8ap_fixedILi8ELi1EL9ap_q_mode4EL9ap_15|       pointer|
|p_ZZN4nnet22compute_pool_buffer_2dINS_5arrayI8ap_fixedILi8ELi1EL9ap_q_mode4EL9ap_15_o         |  out|    8|     ap_ovld|  p_ZZN4nnet22compute_pool_buffer_2dINS_5arrayI8ap_fixedILi8ELi1EL9ap_q_mode4EL9ap_15|       pointer|
|p_ZZN4nnet22compute_pool_buffer_2dINS_5arrayI8ap_fixedILi8ELi1EL9ap_q_mode4EL9ap_15_o_ap_vld  |  out|    1|     ap_ovld|  p_ZZN4nnet22compute_pool_buffer_2dINS_5arrayI8ap_fixedILi8ELi1EL9ap_q_mode4EL9ap_15|       pointer|
|p_ZZN4nnet22compute_pool_buffer_2dINS_5arrayI8ap_fixedILi8ELi1EL9ap_q_mode4EL9ap_31           |  out|    8|      ap_vld|  p_ZZN4nnet22compute_pool_buffer_2dINS_5arrayI8ap_fixedILi8ELi1EL9ap_q_mode4EL9ap_31|       pointer|
|p_ZZN4nnet22compute_pool_buffer_2dINS_5arrayI8ap_fixedILi8ELi1EL9ap_q_mode4EL9ap_31_ap_vld    |  out|    1|      ap_vld|  p_ZZN4nnet22compute_pool_buffer_2dINS_5arrayI8ap_fixedILi8ELi1EL9ap_q_mode4EL9ap_31|       pointer|
|p_ZZN4nnet22compute_pool_buffer_2dINS_5arrayI8ap_fixedILi8ELi1EL9ap_q_mode4EL9ap_14_i         |   in|    8|     ap_ovld|  p_ZZN4nnet22compute_pool_buffer_2dINS_5arrayI8ap_fixedILi8ELi1EL9ap_q_mode4EL9ap_14|       pointer|
|p_ZZN4nnet22compute_pool_buffer_2dINS_5arrayI8ap_fixedILi8ELi1EL9ap_q_mode4EL9ap_14_o         |  out|    8|     ap_ovld|  p_ZZN4nnet22compute_pool_buffer_2dINS_5arrayI8ap_fixedILi8ELi1EL9ap_q_mode4EL9ap_14|       pointer|
|p_ZZN4nnet22compute_pool_buffer_2dINS_5arrayI8ap_fixedILi8ELi1EL9ap_q_mode4EL9ap_14_o_ap_vld  |  out|    1|     ap_ovld|  p_ZZN4nnet22compute_pool_buffer_2dINS_5arrayI8ap_fixedILi8ELi1EL9ap_q_mode4EL9ap_14|       pointer|
|p_ZZN4nnet22compute_pool_buffer_2dINS_5arrayI8ap_fixedILi8ELi1EL9ap_q_mode4EL9ap_30           |  out|    8|      ap_vld|  p_ZZN4nnet22compute_pool_buffer_2dINS_5arrayI8ap_fixedILi8ELi1EL9ap_q_mode4EL9ap_30|       pointer|
|p_ZZN4nnet22compute_pool_buffer_2dINS_5arrayI8ap_fixedILi8ELi1EL9ap_q_mode4EL9ap_30_ap_vld    |  out|    1|      ap_vld|  p_ZZN4nnet22compute_pool_buffer_2dINS_5arrayI8ap_fixedILi8ELi1EL9ap_q_mode4EL9ap_30|       pointer|
+----------------------------------------------------------------------------------------------+-----+-----+------------+-------------------------------------------------------------------------------------+--------------+

